This is XeTeX, Version 3.141592653-2.6-0.999995 (TeX Live 2023/Debian) (preloaded format=xelatex)
 restricted \write18 enabled.
entering extended mode
(./main.tex
LaTeX2e <2023-11-01> patch level 1
L3 programming layer <2024-01-22>
(/usr/share/texlive/texmf-dist/tex/latex/base/report.cls
Document Class: report 2023/05/17 v1.4n Standard LaTeX document class
(/usr/share/texlive/texmf-dist/tex/latex/base/size12.clo)) (./thesisstyle.sty
(/usr/share/texlive/texmf-dist/tex/latex/geometry/geometry.sty
(/usr/share/texlive/texmf-dist/tex/latex/graphics/keyval.sty)
(/usr/share/texlive/texmf-dist/tex/generic/iftex/ifvtex.sty
(/usr/share/texlive/texmf-dist/tex/generic/iftex/iftex.sty)))
(/usr/share/texlive/texmf-dist/tex/latex/fontspec/fontspec.sty
(/usr/share/texlive/texmf-dist/tex/latex/l3packages/xparse/xparse.sty
(/usr/share/texlive/texmf-dist/tex/latex/l3kernel/expl3.sty
(/usr/share/texlive/texmf-dist/tex/latex/l3backend/l3backend-xetex.def)))
(/usr/share/texlive/texmf-dist/tex/latex/fontspec/fontspec-xetex.sty
(/usr/share/texlive/texmf-dist/tex/latex/base/fontenc.sty)
(/usr/share/texlive/texmf-dist/tex/latex/fontspec/fontspec.cfg)))
(/usr/share/texlive/texmf-dist/tex/latex/amsmath/amsmath.sty
For additional information on amsmath, use the `?' option.
(/usr/share/texlive/texmf-dist/tex/latex/amsmath/amstext.sty
(/usr/share/texlive/texmf-dist/tex/latex/amsmath/amsgen.sty))
(/usr/share/texlive/texmf-dist/tex/latex/amsmath/amsbsy.sty)
(/usr/share/texlive/texmf-dist/tex/latex/amsmath/amsopn.sty))
(/usr/share/texlive/texmf-dist/tex/latex/unicode-math/unicode-math.sty
(/usr/share/texlive/texmf-dist/tex/latex/unicode-math/unicode-math-xetex.sty
(/usr/share/texlive/texmf-dist/tex/latex/l3packages/l3keys2e/l3keys2e.sty)
(/usr/share/texlive/texmf-dist/tex/latex/base/fix-cm.sty
(/usr/share/texlive/texmf-dist/tex/latex/base/ts1enc.def))
(/usr/share/texlive/texmf-dist/tex/latex/unicode-math/unicode-math-table.tex)))
(/usr/share/texlive/texmf-dist/tex/latex/setspace/setspace.sty)
(/usr/share/texlive/texmf-dist/tex/latex/titlesec/titlesec.sty)
(/usr/share/texlive/texmf-dist/tex/latex/graphics/graphicx.sty
(/usr/share/texlive/texmf-dist/tex/latex/graphics/graphics.sty
(/usr/share/texlive/texmf-dist/tex/latex/graphics/trig.sty)
(/usr/share/texlive/texmf-dist/tex/latex/graphics-cfg/graphics.cfg)
(/usr/share/texlive/texmf-dist/tex/latex/graphics-def/xetex.def)))
(/usr/share/texlive/texmf-dist/tex/latex/float/float.sty)
(/usr/share/texlive/texmf-dist/tex/latex/pgf/frontendlayer/tikz.sty
(/usr/share/texlive/texmf-dist/tex/latex/pgf/basiclayer/pgf.sty
(/usr/share/texlive/texmf-dist/tex/latex/pgf/utilities/pgfrcs.sty
(/usr/share/texlive/texmf-dist/tex/generic/pgf/utilities/pgfutil-common.tex)
(/usr/share/texlive/texmf-dist/tex/generic/pgf/utilities/pgfutil-latex.def)
(/usr/share/texlive/texmf-dist/tex/generic/pgf/utilities/pgfrcs.code.tex
(/usr/share/texlive/texmf-dist/tex/generic/pgf/pgf.revision.tex)))
(/usr/share/texlive/texmf-dist/tex/latex/pgf/basiclayer/pgfcore.sty
(/usr/share/texlive/texmf-dist/tex/latex/pgf/systemlayer/pgfsys.sty
(/usr/share/texlive/texmf-dist/tex/generic/pgf/systemlayer/pgfsys.code.tex
(/usr/share/texlive/texmf-dist/tex/generic/pgf/utilities/pgfkeys.code.tex
(/usr/share/texlive/texmf-dist/tex/generic/pgf/utilities/pgfkeyslibraryfiltered
.code.tex)) (/usr/share/texlive/texmf-dist/tex/generic/pgf/systemlayer/pgf.cfg)
(/usr/share/texlive/texmf-dist/tex/generic/pgf/systemlayer/pgfsys-xetex.def
(/usr/share/texlive/texmf-dist/tex/generic/pgf/systemlayer/pgfsys-dvipdfmx.def
(/usr/share/texlive/texmf-dist/tex/generic/pgf/systemlayer/pgfsys-common-pdf.de
f))))
(/usr/share/texlive/texmf-dist/tex/generic/pgf/systemlayer/pgfsyssoftpath.code.
tex)
(/usr/share/texlive/texmf-dist/tex/generic/pgf/systemlayer/pgfsysprotocol.code.
tex)) (/usr/share/texlive/texmf-dist/tex/latex/xcolor/xcolor.sty
(/usr/share/texlive/texmf-dist/tex/latex/graphics-cfg/color.cfg)
(/usr/share/texlive/texmf-dist/tex/latex/graphics/mathcolor.ltx))
(/usr/share/texlive/texmf-dist/tex/generic/pgf/basiclayer/pgfcore.code.tex
(/usr/share/texlive/texmf-dist/tex/generic/pgf/math/pgfmath.code.tex
(/usr/share/texlive/texmf-dist/tex/generic/pgf/math/pgfmathutil.code.tex)
(/usr/share/texlive/texmf-dist/tex/generic/pgf/math/pgfmathparser.code.tex)
(/usr/share/texlive/texmf-dist/tex/generic/pgf/math/pgfmathfunctions.code.tex)
(/usr/share/texlive/texmf-dist/tex/generic/pgf/math/pgfmathfunctions.basic.code
.tex)
(/usr/share/texlive/texmf-dist/tex/generic/pgf/math/pgfmathfunctions.trigonomet
ric.code.tex)
(/usr/share/texlive/texmf-dist/tex/generic/pgf/math/pgfmathfunctions.random.cod
e.tex)
(/usr/share/texlive/texmf-dist/tex/generic/pgf/math/pgfmathfunctions.comparison
.code.tex)
(/usr/share/texlive/texmf-dist/tex/generic/pgf/math/pgfmathfunctions.base.code.
tex)
(/usr/share/texlive/texmf-dist/tex/generic/pgf/math/pgfmathfunctions.round.code
.tex)
(/usr/share/texlive/texmf-dist/tex/generic/pgf/math/pgfmathfunctions.misc.code.
tex)
(/usr/share/texlive/texmf-dist/tex/generic/pgf/math/pgfmathfunctions.integerari
thmetics.code.tex)
(/usr/share/texlive/texmf-dist/tex/generic/pgf/math/pgfmathcalc.code.tex)
(/usr/share/texlive/texmf-dist/tex/generic/pgf/math/pgfmathfloat.code.tex))
(/usr/share/texlive/texmf-dist/tex/generic/pgf/math/pgfint.code.tex)
(/usr/share/texlive/texmf-dist/tex/generic/pgf/basiclayer/pgfcorepoints.code.te
x)
(/usr/share/texlive/texmf-dist/tex/generic/pgf/basiclayer/pgfcorepathconstruct.
code.tex)
(/usr/share/texlive/texmf-dist/tex/generic/pgf/basiclayer/pgfcorepathusage.code
.tex)
(/usr/share/texlive/texmf-dist/tex/generic/pgf/basiclayer/pgfcorescopes.code.te
x)
(/usr/share/texlive/texmf-dist/tex/generic/pgf/basiclayer/pgfcoregraphicstate.c
ode.tex)
(/usr/share/texlive/texmf-dist/tex/generic/pgf/basiclayer/pgfcoretransformation
s.code.tex)
(/usr/share/texlive/texmf-dist/tex/generic/pgf/basiclayer/pgfcorequick.code.tex
)
(/usr/share/texlive/texmf-dist/tex/generic/pgf/basiclayer/pgfcoreobjects.code.t
ex)
(/usr/share/texlive/texmf-dist/tex/generic/pgf/basiclayer/pgfcorepathprocessing
.code.tex)
(/usr/share/texlive/texmf-dist/tex/generic/pgf/basiclayer/pgfcorearrows.code.te
x)
(/usr/share/texlive/texmf-dist/tex/generic/pgf/basiclayer/pgfcoreshade.code.tex
)
(/usr/share/texlive/texmf-dist/tex/generic/pgf/basiclayer/pgfcoreimage.code.tex
)
(/usr/share/texlive/texmf-dist/tex/generic/pgf/basiclayer/pgfcoreexternal.code.
tex)
(/usr/share/texlive/texmf-dist/tex/generic/pgf/basiclayer/pgfcorelayers.code.te
x)
(/usr/share/texlive/texmf-dist/tex/generic/pgf/basiclayer/pgfcoretransparency.c
ode.tex)
(/usr/share/texlive/texmf-dist/tex/generic/pgf/basiclayer/pgfcorepatterns.code.
tex)
(/usr/share/texlive/texmf-dist/tex/generic/pgf/basiclayer/pgfcorerdf.code.tex))
)
(/usr/share/texlive/texmf-dist/tex/generic/pgf/modules/pgfmoduleshapes.code.tex
) (/usr/share/texlive/texmf-dist/tex/generic/pgf/modules/pgfmoduleplot.code.tex
)
(/usr/share/texlive/texmf-dist/tex/latex/pgf/compatibility/pgfcomp-version-0-65
.sty)
(/usr/share/texlive/texmf-dist/tex/latex/pgf/compatibility/pgfcomp-version-1-18
.sty)) (/usr/share/texlive/texmf-dist/tex/latex/pgf/utilities/pgffor.sty
(/usr/share/texlive/texmf-dist/tex/latex/pgf/utilities/pgfkeys.sty
(/usr/share/texlive/texmf-dist/tex/generic/pgf/utilities/pgfkeys.code.tex))
(/usr/share/texlive/texmf-dist/tex/latex/pgf/math/pgfmath.sty
(/usr/share/texlive/texmf-dist/tex/generic/pgf/math/pgfmath.code.tex))
(/usr/share/texlive/texmf-dist/tex/generic/pgf/utilities/pgffor.code.tex))
(/usr/share/texlive/texmf-dist/tex/generic/pgf/frontendlayer/tikz/tikz.code.tex

(/usr/share/texlive/texmf-dist/tex/generic/pgf/libraries/pgflibraryplothandlers
.code.tex)
(/usr/share/texlive/texmf-dist/tex/generic/pgf/modules/pgfmodulematrix.code.tex
)
(/usr/share/texlive/texmf-dist/tex/generic/pgf/frontendlayer/tikz/libraries/tik
zlibrarytopaths.code.tex)))
(/usr/share/texlive/texmf-dist/tex/generic/pgf/frontendlayer/tikz/libraries/tik
zlibrarypatterns.code.tex
(/usr/share/texlive/texmf-dist/tex/generic/pgf/libraries/pgflibrarypatterns.cod
e.tex)) (/usr/share/texlive/texmf-dist/tex/latex/pgfplots/pgfplots.sty
(/usr/share/texlive/texmf-dist/tex/generic/pgfplots/pgfplots.revision.tex)
(/usr/share/texlive/texmf-dist/tex/generic/pgfplots/pgfplots.code.tex
(/usr/share/texlive/texmf-dist/tex/generic/pgfplots/pgfplotscore.code.tex
(/usr/share/texlive/texmf-dist/tex/generic/pgfplots/sys/pgfplotssysgeneric.code
.tex))
(/usr/share/texlive/texmf-dist/tex/generic/pgfplots/libs/pgfplotslibrary.code.t
ex)
(/usr/share/texlive/texmf-dist/tex/generic/pgfplots/oldpgfcompatib/pgfplotsoldp
gfsupp_loader.code.tex
(/usr/share/texlive/texmf-dist/tex/generic/pgf/libraries/pgflibraryfpu.code.tex
)
Package pgfplots: loading complementary utilities for your pgf version...

(/usr/share/texlive/texmf-dist/tex/generic/pgfplots/oldpgfcompatib/pgfplotsoldp
gfsupp_pgfutil-common-lists.tex))
(/usr/share/texlive/texmf-dist/tex/generic/pgfplots/util/pgfplotsutil.code.tex
(/usr/share/texlive/texmf-dist/tex/generic/pgfplots/liststructure/pgfplotslists
tructure.code.tex)
(/usr/share/texlive/texmf-dist/tex/generic/pgfplots/liststructure/pgfplotslists
tructureext.code.tex)
(/usr/share/texlive/texmf-dist/tex/generic/pgfplots/liststructure/pgfplotsarray
.code.tex)
(/usr/share/texlive/texmf-dist/tex/generic/pgfplots/liststructure/pgfplotsmatri
x.code.tex)
(/usr/share/texlive/texmf-dist/tex/generic/pgfplots/numtable/pgfplotstableshare
d.code.tex)
(/usr/share/texlive/texmf-dist/tex/generic/pgfplots/liststructure/pgfplotsdeque
.code.tex)
(/usr/share/texlive/texmf-dist/tex/generic/pgfplots/util/pgfplotsbinary.code.te
x
(/usr/share/texlive/texmf-dist/tex/generic/pgfplots/util/pgfplotsbinary.data.co
de.tex))
(/usr/share/texlive/texmf-dist/tex/generic/pgfplots/util/pgfplotsutil.verb.code
.tex)
(/usr/share/texlive/texmf-dist/tex/generic/pgfplots/libs/pgflibrarypgfplots.sur
fshading.code.tex
(/usr/share/texlive/texmf-dist/tex/generic/pgfplots/sys/pgflibrarypgfplots.surf
shading.pgfsys-xetex.def
(/usr/share/texlive/texmf-dist/tex/generic/pgfplots/sys/pgflibrarypgfplots.surf
shading.pgfsys-dvipdfmx.def))))
(/usr/share/texlive/texmf-dist/tex/generic/pgfplots/util/pgfplotscolormap.code.
tex
(/usr/share/texlive/texmf-dist/tex/generic/pgfplots/util/pgfplotscolor.code.tex
))
(/usr/share/texlive/texmf-dist/tex/generic/pgfplots/pgfplotsstackedplots.code.t
ex)
(/usr/share/texlive/texmf-dist/tex/generic/pgfplots/pgfplotsplothandlers.code.t
ex
(/usr/share/texlive/texmf-dist/tex/generic/pgfplots/pgfplotsmeshplothandler.cod
e.tex
(/usr/share/texlive/texmf-dist/tex/generic/pgfplots/pgfplotsmeshplotimage.code.
tex)))
(/usr/share/texlive/texmf-dist/tex/generic/pgfplots/pgfplots.scaling.code.tex)
(/usr/share/texlive/texmf-dist/tex/generic/pgfplots/pgfplotscoordprocessing.cod
e.tex)
(/usr/share/texlive/texmf-dist/tex/generic/pgfplots/pgfplots.errorbars.code.tex
) (/usr/share/texlive/texmf-dist/tex/generic/pgfplots/pgfplots.markers.code.tex
) (/usr/share/texlive/texmf-dist/tex/generic/pgfplots/pgfplotsticks.code.tex)
(/usr/share/texlive/texmf-dist/tex/generic/pgfplots/pgfplots.paths.code.tex)
(/usr/share/texlive/texmf-dist/tex/generic/pgf/frontendlayer/tikz/libraries/tik
zlibrarydecorations.code.tex
(/usr/share/texlive/texmf-dist/tex/generic/pgf/modules/pgfmoduledecorations.cod
e.tex))
(/usr/share/texlive/texmf-dist/tex/generic/pgf/frontendlayer/tikz/libraries/tik
zlibrarydecorations.pathmorphing.code.tex
(/usr/share/texlive/texmf-dist/tex/generic/pgf/libraries/decorations/pgflibrary
decorations.pathmorphing.code.tex))
(/usr/share/texlive/texmf-dist/tex/generic/pgf/frontendlayer/tikz/libraries/tik
zlibrarydecorations.pathreplacing.code.tex
(/usr/share/texlive/texmf-dist/tex/generic/pgf/libraries/decorations/pgflibrary
decorations.pathreplacing.code.tex))
(/usr/share/texlive/texmf-dist/tex/generic/pgfplots/libs/tikzlibrarypgfplots.co
ntourlua.code.tex))
(/usr/share/texlive/texmf-dist/tex/generic/pgf/frontendlayer/tikz/libraries/tik
zlibraryplotmarks.code.tex
(/usr/share/texlive/texmf-dist/tex/generic/pgf/libraries/pgflibraryplotmarks.co
de.tex))) (/usr/share/texlive/texmf-dist/tex/latex/pgfgantt/pgfgantt.sty
(/usr/share/texlive/texmf-dist/tex/generic/pgf/frontendlayer/tikz/libraries/tik
zlibraryarrows.code.tex
(/usr/share/texlive/texmf-dist/tex/generic/pgf/libraries/pgflibraryarrows.code.
tex))
(/usr/share/texlive/texmf-dist/tex/generic/pgf/frontendlayer/tikz/libraries/tik
zlibrarybackgrounds.code.tex)
(/usr/share/texlive/texmf-dist/tex/generic/pgf/frontendlayer/tikz/libraries/tik
zlibrarycalc.code.tex)
(/usr/share/texlive/texmf-dist/tex/generic/pgf/frontendlayer/tikz/libraries/tik
zlibrarypositioning.code.tex)
(/usr/share/texlive/texmf-dist/tex/generic/pgf/frontendlayer/tikz/libraries/tik
zlibraryshapes.geometric.code.tex
(/usr/share/texlive/texmf-dist/tex/generic/pgf/libraries/shapes/pgflibraryshape
s.geometric.code.tex))
(/usr/share/texlive/texmf-dist/tex/latex/pgf/utilities/pgfcalendar.sty
(/usr/share/texlive/texmf-dist/tex/generic/pgf/utilities/pgfcalendar.code.tex))
) (/usr/share/texlive/texmf-dist/tex/latex/caption/caption.sty
(/usr/share/texlive/texmf-dist/tex/latex/caption/caption3.sty))
(/usr/share/texlive/texmf-dist/tex/latex/booktabs/booktabs.sty)
(/usr/share/texlive/texmf-dist/tex/latex/tools/array.sty)
(/usr/share/texlive/texmf-dist/tex/latex/multirow/multirow.sty)
(/usr/share/texlive/texmf-dist/tex/latex/tools/longtable.sty)
(/usr/share/texlive/texmf-dist/tex/latex/placeins/placeins.sty)
(/usr/share/texlive/texmf-dist/tex/latex/biblatex/biblatex.sty
(/usr/share/texlive/texmf-dist/tex/generic/pdftexcmds/pdftexcmds.sty
(/usr/share/texlive/texmf-dist/tex/generic/infwarerr/infwarerr.sty)
(/usr/share/texlive/texmf-dist/tex/generic/ltxcmds/ltxcmds.sty))
(/usr/share/texlive/texmf-dist/tex/latex/etoolbox/etoolbox.sty)
(/usr/share/texlive/texmf-dist/tex/latex/kvoptions/kvoptions.sty
(/usr/share/texlive/texmf-dist/tex/latex/kvsetkeys/kvsetkeys.sty))
(/usr/share/texlive/texmf-dist/tex/latex/logreq/logreq.sty
(/usr/share/texlive/texmf-dist/tex/latex/logreq/logreq.def))
(/usr/share/texlive/texmf-dist/tex/latex/base/ifthen.sty)
(/usr/share/texlive/texmf-dist/tex/latex/url/url.sty)
(/usr/share/texlive/texmf-dist/tex/latex/biblatex/blx-dm.def)
(/usr/share/texlive/texmf-dist/tex/latex/biblatex/blx-unicode.def)
(/usr/share/texlive/texmf-dist/tex/latex/biblatex/blx-compat.def)
(/usr/share/texlive/texmf-dist/tex/latex/biblatex/biblatex.def)
(/usr/share/texlive/texmf-dist/tex/latex/biblatex-ieee/ieee.bbx
(/usr/share/texlive/texmf-dist/tex/latex/biblatex/bbx/numeric-comp.bbx
(/usr/share/texlive/texmf-dist/tex/latex/biblatex/bbx/numeric.bbx
(/usr/share/texlive/texmf-dist/tex/latex/biblatex/bbx/standard.bbx))))
(/usr/share/texlive/texmf-dist/tex/latex/biblatex-ieee/ieee.cbx
(/usr/share/texlive/texmf-dist/tex/latex/biblatex/cbx/numeric-comp.cbx))
(/usr/share/texlive/texmf-dist/tex/latex/biblatex/biblatex.cfg)
(/usr/share/texlive/texmf-dist/tex/latex/biblatex/blx-case-expl3.sty))
(/usr/share/texlive/texmf-dist/tex/latex/titlesec/titletoc.sty)
(/usr/share/texlive/texmf-dist/tex/latex/psnfss/pifont.sty
(/usr/share/texlive/texmf-dist/tex/latex/psnfss/upzd.fd)
(/usr/share/texlive/texmf-dist/tex/latex/psnfss/upsy.fd))
(/usr/share/texlive/texmf-dist/tex/latex/hyperref/hyperref.sty
(/usr/share/texlive/texmf-dist/tex/generic/kvdefinekeys/kvdefinekeys.sty)
(/usr/share/texlive/texmf-dist/tex/generic/pdfescape/pdfescape.sty)
(/usr/share/texlive/texmf-dist/tex/latex/hycolor/hycolor.sty)
(/usr/share/texlive/texmf-dist/tex/latex/auxhook/auxhook.sty)
(/usr/share/texlive/texmf-dist/tex/latex/hyperref/nameref.sty
(/usr/share/texlive/texmf-dist/tex/latex/refcount/refcount.sty)
(/usr/share/texlive/texmf-dist/tex/generic/gettitlestring/gettitlestring.sty))
(/usr/share/texlive/texmf-dist/tex/latex/hyperref/pd1enc.def)
(/usr/share/texlive/texmf-dist/tex/generic/intcalc/intcalc.sty)
(/usr/share/texlive/texmf-dist/tex/latex/hyperref/puenc.def)
(/usr/share/texlive/texmf-dist/tex/generic/bitset/bitset.sty
(/usr/share/texlive/texmf-dist/tex/generic/bigintcalc/bigintcalc.sty))
(/usr/share/texlive/texmf-dist/tex/latex/base/atbegshi-ltx.sty))
(/usr/share/texlive/texmf-dist/tex/latex/hyperref/hxetex.def
(/usr/share/texlive/texmf-dist/tex/generic/stringenc/stringenc.sty)
(/usr/share/texlive/texmf-dist/tex/latex/rerunfilecheck/rerunfilecheck.sty
(/usr/share/texlive/texmf-dist/tex/latex/base/atveryend-ltx.sty)
(/usr/share/texlive/texmf-dist/tex/generic/uniquecounter/uniquecounter.sty))))
No file main.aux.
*geometry* driver: auto-detecting
*geometry* detected driver: xetex
Package pgfplots notification 'compat/show suggested version=true': you might b
enefit from \pgfplotsset{compat=1.18} (current compat level: 1.17).

(/usr/share/texlive/texmf-dist/tex/latex/caption/ltcaption.sty)
(/usr/share/texlive/texmf-dist/tex/latex/biblatex/lbx/english.lbx)
No file main.bbl.

Package hyperref Warning: Rerun to get /PageLabels entry.

(./frontmatter/cover.tex [1]) (./frontmatter/titlepage.tex [1])
(./frontmatter/acknowledgment.tex [2]) (./frontmatter/abstract.tex) [3]
No file main.toc.
[4]
No file main.lot.
[5]
No file main.lof.
[6] (./frontmatter/abbreviations.tex) [7] (./chapters/01_introduction.tex
Chapter I.

LaTeX Warning: Citation 'ren2015fasterrcnn' on page 1 undefined on input line 1
4.


LaTeX Warning: Citation 'redmon2016yolo' on page 1 undefined on input line 15.


LaTeX Warning: Citation 'jocher2024yolo11' on page 1 undefined on input line 15
.


LaTeX Warning: Citation 'zhao2024rtdetr' on page 1 undefined on input line 17.


LaTeX Warning: Citation 'akyon2022sahi' on page 1 undefined on input line 21.


LaTeX Warning: Citation 'gu2023mamba' on page 1 undefined on input line 23.


Overfull \hbox (27.40352pt too wide) in paragraph at lines 13--27
[]\TU/TimesNewRoman(0)/m/n/12 Object detection itself is a mature field. Two-st
age detectors in the R-CNN line []

Overfull \hbox (21.34116pt too wide) in paragraph at lines 13--27
\TU/TimesNewRoman(0)/m/n/12 established high accuracy at high cost, one-stage d
etectors in the YOLO family [],

LaTeX Warning: Citation 'nihal2024c2a' on page 1 undefined on input line 31.

[1]

LaTeX Warning: Citation 'nihal2024c2a' on page 2 undefined on input line 65.


LaTeX Warning: Reference `fig:introscene' on page 2 undefined on input line 69.



LaTeX Warning: Citation 'agiindia2024drones' on page 2 undefined on input line 
75.


LaTeX Warning: Citation 'agiindia2024drones' on page 2 undefined on input line 
75.

[2]

LaTeX Warning: Citation 'nihal2024c2a' on page 3 undefined on input line 116.

[3]

LaTeX Warning: Citation 'nihal2024c2a' on page 4 undefined on input line 145.


LaTeX Warning: Citation 'wang2025mambayolo' on page 4 undefined on input line 1
49.


LaTeX Warning: Reference `fig:gantt' on page 4 undefined on input line 168.

[4] (./tikz/fig_gantt.tex)

LaTeX Warning: Reference `sec:dataset' on page 5 undefined on input line 185.


LaTeX Warning: Reference `sec:quant' on page 5 undefined on input line 187.


LaTeX Warning: Reference `sec:quant' on page 5 undefined on input line 192.


LaTeX Warning: Reference `sec:quant' on page 5 undefined on input line 194.


LaTeX Warning: Reference `sec:sahitta' on page 5 undefined on input line 197.


LaTeX Warning: Reference `sec:partb' on page 5 undefined on input line 200.

[5] [6]) [7] (./chapters/02_literature_review.tex
Chapter II.

LaTeX Warning: Citation 'girshick2014rcnn' on page 8 undefined on input line 16
.


LaTeX Warning: Citation 'ren2015fasterrcnn' on page 8 undefined on input line 1
6.


LaTeX Warning: Citation 'cai2018cascade' on page 8 undefined on input line 17.


LaTeX Warning: Citation 'liu2016ssd' on page 8 undefined on input line 19.


LaTeX Warning: Citation 'lin2017focal' on page 8 undefined on input line 20.


LaTeX Warning: Citation 'redmon2016yolo' on page 8 undefined on input line 22.


LaTeX Warning: Citation 'redmon2018yolov3' on page 8 undefined on input line 24
.


LaTeX Warning: Citation 'bochkovskiy2020yolov4' on page 8 undefined on input li
ne 24.


LaTeX Warning: Citation 'wang2023yolov7' on page 8 undefined on input line 24.


LaTeX Warning: Citation 'jocher2023yolov8' on page 8 undefined on input line 24
.


LaTeX Warning: Citation 'wang2024yolov9' on page 8 undefined on input line 24.


LaTeX Warning: Citation 'wang2024yolov10' on page 8 undefined on input line 24.



LaTeX Warning: Citation 'jocher2024yolo11' on page 8 undefined on input line 25
.


LaTeX Warning: Citation 'carion2020detr' on page 8 undefined on input line 27.


LaTeX Warning: Citation 'zhao2024rtdetr' on page 8 undefined on input line 29.


Overfull \hbox (53.64922pt too wide) in paragraph at lines 15--32
[]\TU/TimesNewRoman(0)/m/n/12 , [], [], [], []

LaTeX Warning: Citation 'cheng2023smallobject' on page 8 undefined on input lin
e 35.


LaTeX Warning: Citation 'zhu2021visdrone' on page 8 undefined on input line 37.



LaTeX Warning: Citation 'lin2017fpn' on page 8 undefined on input line 39.


LaTeX Warning: Citation 'zhu2021tphyolov5' on page 8 undefined on input line 41
.


LaTeX Warning: Citation 'wang2020eca' on page 8 undefined on input line 44.


LaTeX Warning: Citation 'woo2018cbam' on page 8 undefined on input line 45.


LaTeX Warning: Citation 'akyon2022sahi' on page 8 undefined on input line 46.


Overfull \hbox (69.90465pt too wide) in paragraph at lines 34--50
\TU/TimesNewRoman(0)/m/n/12 Detecting very small objects is a distinct problem,
 surveyed in detail by Cheng et al. [],
[8]

LaTeX Warning: Citation 'wang2021nwd' on page 9 undefined on input line 57.


LaTeX Warning: Citation 'xu2022nwdrka' on page 9 undefined on input line 57.


LaTeX Warning: Citation 'xu2022rfla' on page 9 undefined on input line 61.


LaTeX Warning: Citation 'shi2024simd' on page 9 undefined on input line 62.


LaTeX Warning: Citation 'feng2021tood' on page 9 undefined on input line 67.


LaTeX Warning: Citation 'sar_survey' on page 9 undefined on input line 73.


LaTeX Warning: Citation 'aerial_human_video' on page 9 undefined on input line 
74.


LaTeX Warning: Citation 'sambolek2021sard' on page 9 undefined on input line 76
.


LaTeX Warning: Citation 'bozic2019heridal' on page 9 undefined on input line 77
.


LaTeX Warning: Citation 'nihal2024c2a' on page 9 undefined on input line 78.


LaTeX Warning: Citation 'qin2020u2net' on page 9 undefined on input line 79.


LaTeX Warning: Citation 'kyrkou2020aider' on page 9 undefined on input line 81.


[9]

LaTeX Warning: Citation 'tobin2017domainrand' on page 10 undefined on input lin
e 87.


LaTeX Warning: Citation 'tremblay2018synthetic' on page 10 undefined on input l
ine 89.


LaTeX Warning: Citation 'gu2022s4' on page 10 undefined on input line 97.


LaTeX Warning: Citation 'gu2023mamba' on page 10 undefined on input line 97.


LaTeX Warning: Citation 'zhu2024visionmamba' on page 10 undefined on input line
 99.


LaTeX Warning: Citation 'liu2024vmamba' on page 10 undefined on input line 99.


LaTeX Warning: Citation 'wang2025mambayolo' on page 10 undefined on input line 
100.


Overfull \hbox (19.95609pt too wide) in paragraph at lines 95--106
\TU/TimesNewRoman(0)/m/n/12 long-sequence modelling. Building on structured sta
te spaces [], Mamba []

LaTeX Warning: Citation 'jocher2024yolo11' on page 10 undefined on input line 1
12.


LaTeX Warning: Reference `tab:appfamily' on page 10 undefined on input line 120
.


LaTeX Warning: Reference `fig:appfrontier' on page 10 undefined on input line 1
20.

[10]

LaTeX Warning: Citation 'hu2018senet' on page 11 undefined on input line 125.


LaTeX Warning: Citation 'wang2020eca' on page 11 undefined on input line 126.


LaTeX Warning: Citation 'woo2018cbam' on page 11 undefined on input line 127.


LaTeX Warning: Reference `fig:cbam' on page 11 undefined on input line 129.


LaTeX Warning: Citation 'woo2018cbam' on page 11 undefined on input line 137.


LaTeX Warning: Citation 'woo2018cbam' on page 11 undefined on input line 137.


LaTeX Warning: Reference `fig:p2' on page 11 undefined on input line 146.


LaTeX Warning: Reference `fig:mamba' on page 11 undefined on input line 161.

[11]

LaTeX Warning: Reference `fig:chain' on page 12 undefined on input line 184.

[12]

LaTeX Warning: Reference `tab:gap' on page 13 undefined on input line 209.

[13]) [14] (./chapters/03_methodology.tex
Chapter III.

LaTeX Warning: Reference `fig:framework' on page 15 undefined on input line 21.


(./tikz/fig_system_overview.tex) [15]

LaTeX Warning: Reference `fig:fullarch' on page 16 undefined on input line 54.


LaTeX Warning: Reference `tab:layers' on page 16 undefined on input line 76.

[16]

LaTeX Warning: Reference `tab:layers' on page 17 undefined on input line 100.


Overfull \hbox (24.67345pt too wide) in alignment at lines 107--122
 [] [] [] [] 

Package longtable Warning: Column widths have changed
(longtable)                in table 3.1 on input line 122.

[17] [18]

LaTeX Warning: Reference `fig:framework' on page 19 undefined on input line 188
.


LaTeX Warning: Reference `fig:dataset_samples' on page 19 undefined on input li
ne 190.


LaTeX Warning: Reference `fig:explain' on page 19 undefined on input line 203.

[19]

LaTeX Warning: Reference `fig:cbameffect' on page 20 undefined on input line 24
0.


LaTeX Warning: Reference `fig:strideprob' on page 20 undefined on input line 25
6.


LaTeX Warning: Reference `fig:sizedist' on page 20 undefined on input line 262.


[20]

LaTeX Warning: Reference `tab:variants' on page 21 undefined on input line 279.


[21] [22]

LaTeX Warning: Reference `sec:partb' on page 23 undefined on input line 355.


LaTeX Warning: Reference `sec:loss3' on page 23 undefined on input line 363.


LaTeX Warning: Citation 'wang2021nwd' on page 23 undefined on input line 381.


LaTeX Warning: Citation 'xu2022nwdrka' on page 23 undefined on input line 381.


LaTeX Warning: Reference `fig:assignmech' on page 23 undefined on input line 39
6.

[23] [24]

LaTeX Warning: Reference `eq:blend' on page 25 undefined on input line 465.


LaTeX Warning: Reference `fig:sahipipe' on page 25 undefined on input line 479.


[25]

LaTeX Warning: Reference `fig:ttapipe' on page 26 undefined on input line 496.

[26]) [27] (./chapters/04_implementation_results.tex
Chapter IV.

LaTeX Warning: Reference `sec:partb' on page 28 undefined on input line 12.


LaTeX Warning: Reference `tab:setup' on page 28 undefined on input line 26.

[28]

Package hyperref Warning: Token not allowed in a PDF string (Unicode):
(hyperref)                removing `math shift' on input line 64.


Package hyperref Warning: Token not allowed in a PDF string (Unicode):
(hyperref)                removing `subscript' on input line 64.


Package hyperref Warning: Token not allowed in a PDF string (Unicode):
(hyperref)                removing `math shift' on input line 64.


LaTeX Warning: Reference `eq:iou' on page 29 undefined on input line 71.


LaTeX Warning: Citation 'lin2014coco' on page 29 undefined on input line 83.


LaTeX Warning: Reference `sec:quant' on page 29 undefined on input line 91.

[29]

LaTeX Warning: Citation 'nihal2024c2a' on page 30 undefined on input line 117.


LaTeX Warning: Citation 'kyrkou2020aider' on page 30 undefined on input line 12
3.


LaTeX Warning: Citation 'qin2020u2net' on page 30 undefined on input line 124.


LaTeX Warning: Reference `sec:realresults' on page 30 undefined on input line 1
30.


LaTeX Warning: Reference `tab:split' on page 30 undefined on input line 133.


LaTeX Warning: Reference `fig:dataset_samples' on page 30 undefined on input li
ne 152.

[30]

LaTeX Warning: Reference `fig:sizedist' on page 31 undefined on input line 181.



LaTeX Warning: Reference `tab:persize' on page 31 undefined on input line 189.

(./tikz/fig_size_distribution.tex)

LaTeX Warning: Reference `tab:variants' on page 31 undefined on input line 201.


[31]

LaTeX Warning: Reference `sec:stats' on page 32 undefined on input line 228.

[32]

LaTeX Warning: Reference `tab:eca' on page 33 undefined on input line 237.


LaTeX Warning: Reference `tab:appfamily' on page 33 undefined on input line 243
.


LaTeX Warning: Reference `fig:appfrontier' on page 33 undefined on input line 2
44.


LaTeX Warning: Reference `tab:apphistory' on page 33 undefined on input line 24
5.


LaTeX Warning: Reference `tab:main' on page 33 undefined on input line 263.


LaTeX Warning: Reference `sec:metrics' on page 33 undefined on input line 270.

[33]

LaTeX Warning: Reference `fig:waterfall' on page 34 undefined on input line 302
.

(./tikz/fig_ablation_waterfall.tex)

LaTeX Warning: Reference `tab:persize' on page 34 undefined on input line 320.

[34]

LaTeX Warning: Reference `tab:thrcal' on page 35 undefined on input line 373.

[35]

LaTeX Warning: Reference `fig:training' on page 36 undefined on input line 403.



LaTeX Warning: Reference `tab:main' on page 36 undefined on input line 412.


LaTeX Warning: Reference `sec:protocol' on page 36 undefined on input line 413.



LaTeX Warning: Reference `fig:diag' on page 36 undefined on input line 423.


LaTeX Warning: Reference `tab:thrcal' on page 36 undefined on input line 428.

[36]

LaTeX Warning: Reference `fig:qualgrid' on page 37 undefined on input line 458.



Underfull \hbox (badness 1762) in paragraph at lines 458--468
\TU/TimesNewRoman(0)/m/n/12 Figure [] shows the older Mamba+CBAM+P2 checkpoint 
used for the exploratory
[37]

LaTeX Warning: Reference `fig:detgrid' on page 38 undefined on input line 498.


LaTeX Warning: Reference `tab:persize' on page 38 undefined on input line 501.


LaTeX Warning: Reference `fig:explain' on page 38 undefined on input line 505.


LaTeX Warning: Reference `tab:sota' on page 38 undefined on input line 523.


LaTeX Warning: Citation 'nihal2024c2a' on page 38 undefined on input line 524.


Overfull \hbox (21.53276pt too wide) in paragraph at lines 523--532
\TU/TimesNewRoman(0)/m/n/12 Table [] places the recommended model against the p
ublished results of Nihal et al. []
[38]

LaTeX Warning: Citation 'nihal2024c2a' on page 39 undefined on input line 535.


LaTeX Warning: Citation 'nihal2024c2a' on page 39 undefined on input line 535.


LaTeX Warning: Citation 'akyon2022sahi' on page 39 undefined on input line 557.


[39]

LaTeX Warning: Reference `tab:sahi' on page 40 undefined on input line 566.


LaTeX Warning: Reference `fig:sahibars' on page 40 undefined on input line 592.



LaTeX Warning: Reference `tab:setup' on page 40 undefined on input line 613.


LaTeX Warning: Reference `fig:partbchain' on page 40 undefined on input line 61
6.

[40]

LaTeX Warning: Reference `tab:leak' on page 41 undefined on input line 638.

[41]

LaTeX Warning: Reference `sec:assignmethod' on page 42 undefined on input line 
664.


LaTeX Warning: Reference `tab:gamma' on page 42 undefined on input line 668.


LaTeX Warning: Reference `fig:gammadose' on page 42 undefined on input line 668
.


LaTeX Warning: Reference `tab:d2pair' on page 42 undefined on input line 699.


LaTeX Warning: Reference `sec:stats' on page 42 undefined on input line 700.


LaTeX Warning: Reference `sec:stats' on page 42 undefined on input line 704.


LaTeX Warning: Reference `tab:leak' on page 42 undefined on input line 715.

[42]

LaTeX Warning: Reference `sec:fccgmethod' on page 43 undefined on input line 71
9.


LaTeX Warning: Reference `tab:main' on page 43 undefined on input line 728.


LaTeX Warning: Reference `sec:adaptmethod' on page 43 undefined on input line 7
57.


LaTeX Warning: Reference `tab:owndata' on page 43 undefined on input line 758.


LaTeX Warning: Reference `fig:realsamples' on page 43 undefined on input line 7
58.

[43]

LaTeX Warning: Reference `tab:main' on page 44 undefined on input line 807.


LaTeX Warning: Reference `fig:sim2real' on page 44 undefined on input line 807.



LaTeX Warning: Reference `tab:multidomain' on page 44 undefined on input line 8
08.

[44]

LaTeX Warning: Reference `tab:multidomain' on page 45 undefined on input line 8
45.

[45]

LaTeX Warning: Reference `tab:d2pair' on page 46 undefined on input line 883.


LaTeX Warning: Reference `tab:gamma' on page 46 undefined on input line 894.

[46]

LaTeX Warning: Reference `sec:protocol' on page 47 undefined on input line 904.



LaTeX Warning: Reference `sec:quant' on page 47 undefined on input line 905.


LaTeX Warning: Reference `tab:main' on page 47 undefined on input line 905.


LaTeX Warning: Reference `fig:waterfall' on page 47 undefined on input line 907
.


LaTeX Warning: Reference `tab:persize' on page 47 undefined on input line 912.


LaTeX Warning: Reference `sec:sota' on page 47 undefined on input line 913.


LaTeX Warning: Reference `tab:sota' on page 47 undefined on input line 914.


LaTeX Warning: Reference `sec:quant' on page 47 undefined on input line 918.


LaTeX Warning: Reference `sec:protocol' on page 47 undefined on input line 918.



LaTeX Warning: Reference `tab:main' on page 47 undefined on input line 919.


LaTeX Warning: Reference `tab:persize' on page 47 undefined on input line 921.


LaTeX Warning: Reference `sec:sahitta' on page 47 undefined on input line 925.


LaTeX Warning: Reference `tab:leak' on page 47 undefined on input line 932.


LaTeX Warning: Reference `tab:d2pair' on page 47 undefined on input line 933.


LaTeX Warning: Reference `tab:multidomain' on page 47 undefined on input line 9
34.


LaTeX Warning: Reference `sec:xevent' on page 47 undefined on input line 935.


LaTeX Warning: Reference `tab:budget' on page 47 undefined on input line 942.


LaTeX Warning: Reference `tab:carbon' on page 47 undefined on input line 945.

) [47] [48] (./chapters/05_societal_issues.tex
Chapter V.

LaTeX Warning: Citation 'jocher2024yolo11' on page 49 undefined on input line 1
4.


LaTeX Warning: Citation 'woo2018cbam' on page 49 undefined on input line 15.


LaTeX Warning: Citation 'akyon2022sahi' on page 49 undefined on input line 16.


LaTeX Warning: Citation 'c2akaggle' on page 49 undefined on input line 21.


LaTeX Warning: Citation 'nihal2024c2a' on page 49 undefined on input line 22.


LaTeX Warning: Citation 'kyrkou2020aider' on page 49 undefined on input line 25
.


LaTeX Warning: Citation 'qin2020u2net' on page 49 undefined on input line 26.

[49]

LaTeX Warning: Reference `sec:legal5' on page 50 undefined on input line 47.


LaTeX Warning: Reference `sec:realresults' on page 50 undefined on input line 6
6.


LaTeX Warning: Reference `fig:qualgrid' on page 50 undefined on input line 73.


LaTeX Warning: Reference `tab:persize' on page 50 undefined on input line 77.


LaTeX Warning: Reference `sec:qual' on page 50 undefined on input line 77.


LaTeX Warning: Reference `tab:thrcal' on page 50 undefined on input line 80.

[50]

LaTeX Warning: Citation 'caabuav' on page 51 undefined on input line 89.


LaTeX Warning: Citation 'gdpr2016' on page 51 undefined on input line 93.


LaTeX Warning: Reference `tab:main' on page 51 undefined on input line 110.


LaTeX Warning: Reference `tab:carbon' on page 51 undefined on input line 120.


LaTeX Warning: Citation 'strubell2019energy' on page 51 undefined on input line
 131.


LaTeX Warning: Citation 'codecarbon' on page 51 undefined on input line 132.


LaTeX Warning: Reference `tab:sota' on page 51 undefined on input line 139.

[51]) [52] (./chapters/06_complex_engineering.tex
Chapter VI.

LaTeX Warning: Citation 'iea2021gapc' on page 53 undefined on input line 5.


LaTeX Warning: Reference `tab:layers' on page 53 undefined on input line 19.


LaTeX Warning: Reference `sec:cbam3' on page 53 undefined on input line 20.


LaTeX Warning: Reference `sec:mamba' on page 53 undefined on input line 21.


LaTeX Warning: Reference `sec:loss3' on page 53 undefined on input line 23.


LaTeX Warning: Reference `sec:metrics' on page 53 undefined on input line 23.


LaTeX Warning: Reference `tab:main' on page 53 undefined on input line 31.


LaTeX Warning: Reference `sec:protocol' on page 53 undefined on input line 36.


LaTeX Warning: Reference `fig:strideprob' on page 53 undefined on input line 41
.


LaTeX Warning: Reference `fig:sizedist' on page 53 undefined on input line 43.


LaTeX Warning: Reference `fig:training' on page 53 undefined on input line 44.

[53]

LaTeX Warning: Reference `sec:metrics' on page 54 undefined on input line 49.


LaTeX Warning: Reference `sec:protocol' on page 54 undefined on input line 49.


LaTeX Warning: Reference `sec:p2novel' on page 54 undefined on input line 57.


LaTeX Warning: Reference `sec:setup' on page 54 undefined on input line 58.


LaTeX Warning: Reference `tab:carbon' on page 54 undefined on input line 68.


LaTeX Warning: Reference `sec:setup' on page 54 undefined on input line 74.


LaTeX Warning: Reference `sec:assignmethod' on page 54 undefined on input line 
85.


LaTeX Warning: Reference `tab:carbon' on page 54 undefined on input line 89.

[54]

LaTeX Warning: Reference `sec:partb' on page 55 undefined on input line 99.


LaTeX Warning: Reference `sec:adaptmethod' on page 55 undefined on input line 1
05.


LaTeX Warning: Citation 'iea2021gapc' on page 55 undefined on input line 109.

) [55] (./chapters/07_conclusions.tex
Chapter VII.
[56]

LaTeX Warning: Reference `sec:stats' on page 57 undefined on input line 64.


LaTeX Warning: Reference `tab:owndata' on page 57 undefined on input line 81.


LaTeX Warning: Reference `sec:realresults' on page 57 undefined on input line 8
2.


LaTeX Warning: Reference `sec:stats' on page 57 undefined on input line 83.

[57]

LaTeX Warning: Citation 'sambolek2021sard' on page 58 undefined on input line 1
04.


LaTeX Warning: Citation 'bozic2019heridal' on page 58 undefined on input line 1
04.


LaTeX Warning: Citation 'zhu2021visdrone' on page 58 undefined on input line 10
5.


LaTeX Warning: Citation 'barekatain2017okutama' on page 58 undefined on input l
ine 106.


Underfull \hbox (badness 1881) in paragraph at lines 102--108
\TU/TimesNewRoman(0)/m/n/12 Drone [], and Okutama-Action [] would
) [58]

LaTeX Warning: Reference `tab:appfamily' on page 59 undefined on input line 64.



LaTeX Warning: Reference `tab:main' on page 59 undefined on input line 68.


LaTeX Warning: Reference `sec:metrics' on page 59 undefined on input line 70.


LaTeX Warning: Reference `tab:apphistory' on page 59 undefined on input line 71
.


LaTeX Warning: Reference `fig:appfrontier' on page 59 undefined on input line 9
9.


LaTeX Warning: Reference `tab:apphistory' on page 59 undefined on input line 14
4.

[59]

LaTeX Warning: Reference `sec:setup' on page 60 undefined on input line 164.


LaTeX Warning: Reference `tab:appfamily' on page 60 undefined on input line 165
.


LaTeX Warning: Reference `tab:main' on page 60 undefined on input line 185.

[60] [61]

LaTeX Warning: Empty bibliography on input line 200.


Package longtable Warning: Table widths have changed. Rerun LaTeX.

[62] (./main.aux (./frontmatter/cover.aux) (./frontmatter/titlepage.aux)
(./frontmatter/acknowledgment.aux) (./frontmatter/abstract.aux)
(./frontmatter/abbreviations.aux) (./chapters/01_introduction.aux)
(./chapters/02_literature_review.aux) (./chapters/03_methodology.aux)
(./chapters/04_implementation_results.aux) (./chapters/05_societal_issues.aux)
(./chapters/06_complex_engineering.aux) (./chapters/07_conclusions.aux))

LaTeX Warning: There were undefined references.


LaTeX Warning: Label(s) may have changed. Rerun to get cross-references right.


Package rerunfilecheck Warning: File `main.out' has changed.
(rerunfilecheck)                Rerun to get outlines right
(rerunfilecheck)                or use package `bookmark'.


Package biblatex Warning: Please (re)run Biber on the file:
(biblatex)                main
(biblatex)                and rerun LaTeX afterwards.

 )
(see the transcript file for additional information)
Output written on main.pdf (70 pages).
Transcript written on main.log.
INFO - This is Biber 2.19
INFO - Logfile is 'main.blg'
INFO - Reading 'main.bcf'
INFO - Found 51 citekeys in bib section 0
INFO - Processing section 0
INFO - Looking for bibtex file 'references.bib' for section 0
INFO - LaTeX decoding ...
INFO - Found BibTeX data source 'references.bib'
INFO - Overriding locale 'en-US' defaults 'normalization = NFD' with 'normalization = prenormalized'
INFO - Overriding locale 'en-US' defaults 'variable = shifted' with 'variable = non-ignorable'
INFO - Sorting list 'none/global//global/global' of type 'entry' with template 'none' and locale 'en-US'
INFO - No sort tailoring available for locale 'en-US'
INFO - Writing 'main.bbl' with encoding 'UTF-8'
INFO - Output to main.bbl
This is XeTeX, Version 3.141592653-2.6-0.999995 (TeX Live 2023/Debian) (preloaded format=xelatex)
 restricted \write18 enabled.
entering extended mode
(./main.tex
LaTeX2e <2023-11-01> patch level 1
L3 programming layer <2024-01-22>
(/usr/share/texlive/texmf-dist/tex/latex/base/report.cls
Document Class: report 2023/05/17 v1.4n Standard LaTeX document class
(/usr/share/texlive/texmf-dist/tex/latex/base/size12.clo)) (./thesisstyle.sty
(/usr/share/texlive/texmf-dist/tex/latex/geometry/geometry.sty
(/usr/share/texlive/texmf-dist/tex/latex/graphics/keyval.sty)
(/usr/share/texlive/texmf-dist/tex/generic/iftex/ifvtex.sty
(/usr/share/texlive/texmf-dist/tex/generic/iftex/iftex.sty)))
(/usr/share/texlive/texmf-dist/tex/latex/fontspec/fontspec.sty
(/usr/share/texlive/texmf-dist/tex/latex/l3packages/xparse/xparse.sty
(/usr/share/texlive/texmf-dist/tex/latex/l3kernel/expl3.sty
(/usr/share/texlive/texmf-dist/tex/latex/l3backend/l3backend-xetex.def)))
(/usr/share/texlive/texmf-dist/tex/latex/fontspec/fontspec-xetex.sty
(/usr/share/texlive/texmf-dist/tex/latex/base/fontenc.sty)
(/usr/share/texlive/texmf-dist/tex/latex/fontspec/fontspec.cfg)))
(/usr/share/texlive/texmf-dist/tex/latex/amsmath/amsmath.sty
For additional information on amsmath, use the `?' option.
(/usr/share/texlive/texmf-dist/tex/latex/amsmath/amstext.sty
(/usr/share/texlive/texmf-dist/tex/latex/amsmath/amsgen.sty))
(/usr/share/texlive/texmf-dist/tex/latex/amsmath/amsbsy.sty)
(/usr/share/texlive/texmf-dist/tex/latex/amsmath/amsopn.sty))
(/usr/share/texlive/texmf-dist/tex/latex/unicode-math/unicode-math.sty
(/usr/share/texlive/texmf-dist/tex/latex/unicode-math/unicode-math-xetex.sty
(/usr/share/texlive/texmf-dist/tex/latex/l3packages/l3keys2e/l3keys2e.sty)
(/usr/share/texlive/texmf-dist/tex/latex/base/fix-cm.sty
(/usr/share/texlive/texmf-dist/tex/latex/base/ts1enc.def))
(/usr/share/texlive/texmf-dist/tex/latex/unicode-math/unicode-math-table.tex)))
(/usr/share/texlive/texmf-dist/tex/latex/setspace/setspace.sty)
(/usr/share/texlive/texmf-dist/tex/latex/titlesec/titlesec.sty)
(/usr/share/texlive/texmf-dist/tex/latex/graphics/graphicx.sty
(/usr/share/texlive/texmf-dist/tex/latex/graphics/graphics.sty
(/usr/share/texlive/texmf-dist/tex/latex/graphics/trig.sty)
(/usr/share/texlive/texmf-dist/tex/latex/graphics-cfg/graphics.cfg)
(/usr/share/texlive/texmf-dist/tex/latex/graphics-def/xetex.def)))
(/usr/share/texlive/texmf-dist/tex/latex/float/float.sty)
(/usr/share/texlive/texmf-dist/tex/latex/pgf/frontendlayer/tikz.sty
(/usr/share/texlive/texmf-dist/tex/latex/pgf/basiclayer/pgf.sty
(/usr/share/texlive/texmf-dist/tex/latex/pgf/utilities/pgfrcs.sty
(/usr/share/texlive/texmf-dist/tex/generic/pgf/utilities/pgfutil-common.tex)
(/usr/share/texlive/texmf-dist/tex/generic/pgf/utilities/pgfutil-latex.def)
(/usr/share/texlive/texmf-dist/tex/generic/pgf/utilities/pgfrcs.code.tex
(/usr/share/texlive/texmf-dist/tex/generic/pgf/pgf.revision.tex)))
(/usr/share/texlive/texmf-dist/tex/latex/pgf/basiclayer/pgfcore.sty
(/usr/share/texlive/texmf-dist/tex/latex/pgf/systemlayer/pgfsys.sty
(/usr/share/texlive/texmf-dist/tex/generic/pgf/systemlayer/pgfsys.code.tex
(/usr/share/texlive/texmf-dist/tex/generic/pgf/utilities/pgfkeys.code.tex
(/usr/share/texlive/texmf-dist/tex/generic/pgf/utilities/pgfkeyslibraryfiltered
.code.tex)) (/usr/share/texlive/texmf-dist/tex/generic/pgf/systemlayer/pgf.cfg)
(/usr/share/texlive/texmf-dist/tex/generic/pgf/systemlayer/pgfsys-xetex.def
(/usr/share/texlive/texmf-dist/tex/generic/pgf/systemlayer/pgfsys-dvipdfmx.def
(/usr/share/texlive/texmf-dist/tex/generic/pgf/systemlayer/pgfsys-common-pdf.de
f))))
(/usr/share/texlive/texmf-dist/tex/generic/pgf/systemlayer/pgfsyssoftpath.code.
tex)
(/usr/share/texlive/texmf-dist/tex/generic/pgf/systemlayer/pgfsysprotocol.code.
tex)) (/usr/share/texlive/texmf-dist/tex/latex/xcolor/xcolor.sty
(/usr/share/texlive/texmf-dist/tex/latex/graphics-cfg/color.cfg)
(/usr/share/texlive/texmf-dist/tex/latex/graphics/mathcolor.ltx))
(/usr/share/texlive/texmf-dist/tex/generic/pgf/basiclayer/pgfcore.code.tex
(/usr/share/texlive/texmf-dist/tex/generic/pgf/math/pgfmath.code.tex
(/usr/share/texlive/texmf-dist/tex/generic/pgf/math/pgfmathutil.code.tex)
(/usr/share/texlive/texmf-dist/tex/generic/pgf/math/pgfmathparser.code.tex)
(/usr/share/texlive/texmf-dist/tex/generic/pgf/math/pgfmathfunctions.code.tex)
(/usr/share/texlive/texmf-dist/tex/generic/pgf/math/pgfmathfunctions.basic.code
.tex)
(/usr/share/texlive/texmf-dist/tex/generic/pgf/math/pgfmathfunctions.trigonomet
ric.code.tex)
(/usr/share/texlive/texmf-dist/tex/generic/pgf/math/pgfmathfunctions.random.cod
e.tex)
(/usr/share/texlive/texmf-dist/tex/generic/pgf/math/pgfmathfunctions.comparison
.code.tex)
(/usr/share/texlive/texmf-dist/tex/generic/pgf/math/pgfmathfunctions.base.code.
tex)
(/usr/share/texlive/texmf-dist/tex/generic/pgf/math/pgfmathfunctions.round.code
.tex)
(/usr/share/texlive/texmf-dist/tex/generic/pgf/math/pgfmathfunctions.misc.code.
tex)
(/usr/share/texlive/texmf-dist/tex/generic/pgf/math/pgfmathfunctions.integerari
thmetics.code.tex)
(/usr/share/texlive/texmf-dist/tex/generic/pgf/math/pgfmathcalc.code.tex)
(/usr/share/texlive/texmf-dist/tex/generic/pgf/math/pgfmathfloat.code.tex))
(/usr/share/texlive/texmf-dist/tex/generic/pgf/math/pgfint.code.tex)
(/usr/share/texlive/texmf-dist/tex/generic/pgf/basiclayer/pgfcorepoints.code.te
x)
(/usr/share/texlive/texmf-dist/tex/generic/pgf/basiclayer/pgfcorepathconstruct.
code.tex)
(/usr/share/texlive/texmf-dist/tex/generic/pgf/basiclayer/pgfcorepathusage.code
.tex)
(/usr/share/texlive/texmf-dist/tex/generic/pgf/basiclayer/pgfcorescopes.code.te
x)
(/usr/share/texlive/texmf-dist/tex/generic/pgf/basiclayer/pgfcoregraphicstate.c
ode.tex)
(/usr/share/texlive/texmf-dist/tex/generic/pgf/basiclayer/pgfcoretransformation
s.code.tex)
(/usr/share/texlive/texmf-dist/tex/generic/pgf/basiclayer/pgfcorequick.code.tex
)
(/usr/share/texlive/texmf-dist/tex/generic/pgf/basiclayer/pgfcoreobjects.code.t
ex)
(/usr/share/texlive/texmf-dist/tex/generic/pgf/basiclayer/pgfcorepathprocessing
.code.tex)
(/usr/share/texlive/texmf-dist/tex/generic/pgf/basiclayer/pgfcorearrows.code.te
x)
(/usr/share/texlive/texmf-dist/tex/generic/pgf/basiclayer/pgfcoreshade.code.tex
)
(/usr/share/texlive/texmf-dist/tex/generic/pgf/basiclayer/pgfcoreimage.code.tex
)
(/usr/share/texlive/texmf-dist/tex/generic/pgf/basiclayer/pgfcoreexternal.code.
tex)
(/usr/share/texlive/texmf-dist/tex/generic/pgf/basiclayer/pgfcorelayers.code.te
x)
(/usr/share/texlive/texmf-dist/tex/generic/pgf/basiclayer/pgfcoretransparency.c
ode.tex)
(/usr/share/texlive/texmf-dist/tex/generic/pgf/basiclayer/pgfcorepatterns.code.
tex)
(/usr/share/texlive/texmf-dist/tex/generic/pgf/basiclayer/pgfcorerdf.code.tex))
)
(/usr/share/texlive/texmf-dist/tex/generic/pgf/modules/pgfmoduleshapes.code.tex
) (/usr/share/texlive/texmf-dist/tex/generic/pgf/modules/pgfmoduleplot.code.tex
)
(/usr/share/texlive/texmf-dist/tex/latex/pgf/compatibility/pgfcomp-version-0-65
.sty)
(/usr/share/texlive/texmf-dist/tex/latex/pgf/compatibility/pgfcomp-version-1-18
.sty)) (/usr/share/texlive/texmf-dist/tex/latex/pgf/utilities/pgffor.sty
(/usr/share/texlive/texmf-dist/tex/latex/pgf/utilities/pgfkeys.sty
(/usr/share/texlive/texmf-dist/tex/generic/pgf/utilities/pgfkeys.code.tex))
(/usr/share/texlive/texmf-dist/tex/latex/pgf/math/pgfmath.sty
(/usr/share/texlive/texmf-dist/tex/generic/pgf/math/pgfmath.code.tex))
(/usr/share/texlive/texmf-dist/tex/generic/pgf/utilities/pgffor.code.tex))
(/usr/share/texlive/texmf-dist/tex/generic/pgf/frontendlayer/tikz/tikz.code.tex

(/usr/share/texlive/texmf-dist/tex/generic/pgf/libraries/pgflibraryplothandlers
.code.tex)
(/usr/share/texlive/texmf-dist/tex/generic/pgf/modules/pgfmodulematrix.code.tex
)
(/usr/share/texlive/texmf-dist/tex/generic/pgf/frontendlayer/tikz/libraries/tik
zlibrarytopaths.code.tex)))
(/usr/share/texlive/texmf-dist/tex/generic/pgf/frontendlayer/tikz/libraries/tik
zlibrarypatterns.code.tex
(/usr/share/texlive/texmf-dist/tex/generic/pgf/libraries/pgflibrarypatterns.cod
e.tex)) (/usr/share/texlive/texmf-dist/tex/latex/pgfplots/pgfplots.sty
(/usr/share/texlive/texmf-dist/tex/generic/pgfplots/pgfplots.revision.tex)
(/usr/share/texlive/texmf-dist/tex/generic/pgfplots/pgfplots.code.tex
(/usr/share/texlive/texmf-dist/tex/generic/pgfplots/pgfplotscore.code.tex
(/usr/share/texlive/texmf-dist/tex/generic/pgfplots/sys/pgfplotssysgeneric.code
.tex))
(/usr/share/texlive/texmf-dist/tex/generic/pgfplots/libs/pgfplotslibrary.code.t
ex)
(/usr/share/texlive/texmf-dist/tex/generic/pgfplots/oldpgfcompatib/pgfplotsoldp
gfsupp_loader.code.tex
(/usr/share/texlive/texmf-dist/tex/generic/pgf/libraries/pgflibraryfpu.code.tex
)
Package pgfplots: loading complementary utilities for your pgf version...

(/usr/share/texlive/texmf-dist/tex/generic/pgfplots/oldpgfcompatib/pgfplotsoldp
gfsupp_pgfutil-common-lists.tex))
(/usr/share/texlive/texmf-dist/tex/generic/pgfplots/util/pgfplotsutil.code.tex
(/usr/share/texlive/texmf-dist/tex/generic/pgfplots/liststructure/pgfplotslists
tructure.code.tex)
(/usr/share/texlive/texmf-dist/tex/generic/pgfplots/liststructure/pgfplotslists
tructureext.code.tex)
(/usr/share/texlive/texmf-dist/tex/generic/pgfplots/liststructure/pgfplotsarray
.code.tex)
(/usr/share/texlive/texmf-dist/tex/generic/pgfplots/liststructure/pgfplotsmatri
x.code.tex)
(/usr/share/texlive/texmf-dist/tex/generic/pgfplots/numtable/pgfplotstableshare
d.code.tex)
(/usr/share/texlive/texmf-dist/tex/generic/pgfplots/liststructure/pgfplotsdeque
.code.tex)
(/usr/share/texlive/texmf-dist/tex/generic/pgfplots/util/pgfplotsbinary.code.te
x
(/usr/share/texlive/texmf-dist/tex/generic/pgfplots/util/pgfplotsbinary.data.co
de.tex))
(/usr/share/texlive/texmf-dist/tex/generic/pgfplots/util/pgfplotsutil.verb.code
.tex)
(/usr/share/texlive/texmf-dist/tex/generic/pgfplots/libs/pgflibrarypgfplots.sur
fshading.code.tex
(/usr/share/texlive/texmf-dist/tex/generic/pgfplots/sys/pgflibrarypgfplots.surf
shading.pgfsys-xetex.def
(/usr/share/texlive/texmf-dist/tex/generic/pgfplots/sys/pgflibrarypgfplots.surf
shading.pgfsys-dvipdfmx.def))))
(/usr/share/texlive/texmf-dist/tex/generic/pgfplots/util/pgfplotscolormap.code.
tex
(/usr/share/texlive/texmf-dist/tex/generic/pgfplots/util/pgfplotscolor.code.tex
))
(/usr/share/texlive/texmf-dist/tex/generic/pgfplots/pgfplotsstackedplots.code.t
ex)
(/usr/share/texlive/texmf-dist/tex/generic/pgfplots/pgfplotsplothandlers.code.t
ex
(/usr/share/texlive/texmf-dist/tex/generic/pgfplots/pgfplotsmeshplothandler.cod
e.tex
(/usr/share/texlive/texmf-dist/tex/generic/pgfplots/pgfplotsmeshplotimage.code.
tex)))
(/usr/share/texlive/texmf-dist/tex/generic/pgfplots/pgfplots.scaling.code.tex)
(/usr/share/texlive/texmf-dist/tex/generic/pgfplots/pgfplotscoordprocessing.cod
e.tex)
(/usr/share/texlive/texmf-dist/tex/generic/pgfplots/pgfplots.errorbars.code.tex
) (/usr/share/texlive/texmf-dist/tex/generic/pgfplots/pgfplots.markers.code.tex
) (/usr/share/texlive/texmf-dist/tex/generic/pgfplots/pgfplotsticks.code.tex)
(/usr/share/texlive/texmf-dist/tex/generic/pgfplots/pgfplots.paths.code.tex)
(/usr/share/texlive/texmf-dist/tex/generic/pgf/frontendlayer/tikz/libraries/tik
zlibrarydecorations.code.tex
(/usr/share/texlive/texmf-dist/tex/generic/pgf/modules/pgfmoduledecorations.cod
e.tex))
(/usr/share/texlive/texmf-dist/tex/generic/pgf/frontendlayer/tikz/libraries/tik
zlibrarydecorations.pathmorphing.code.tex
(/usr/share/texlive/texmf-dist/tex/generic/pgf/libraries/decorations/pgflibrary
decorations.pathmorphing.code.tex))
(/usr/share/texlive/texmf-dist/tex/generic/pgf/frontendlayer/tikz/libraries/tik
zlibrarydecorations.pathreplacing.code.tex
(/usr/share/texlive/texmf-dist/tex/generic/pgf/libraries/decorations/pgflibrary
decorations.pathreplacing.code.tex))
(/usr/share/texlive/texmf-dist/tex/generic/pgfplots/libs/tikzlibrarypgfplots.co
ntourlua.code.tex))
(/usr/share/texlive/texmf-dist/tex/generic/pgf/frontendlayer/tikz/libraries/tik
zlibraryplotmarks.code.tex
(/usr/share/texlive/texmf-dist/tex/generic/pgf/libraries/pgflibraryplotmarks.co
de.tex))) (/usr/share/texlive/texmf-dist/tex/latex/pgfgantt/pgfgantt.sty
(/usr/share/texlive/texmf-dist/tex/generic/pgf/frontendlayer/tikz/libraries/tik
zlibraryarrows.code.tex
(/usr/share/texlive/texmf-dist/tex/generic/pgf/libraries/pgflibraryarrows.code.
tex))
(/usr/share/texlive/texmf-dist/tex/generic/pgf/frontendlayer/tikz/libraries/tik
zlibrarybackgrounds.code.tex)
(/usr/share/texlive/texmf-dist/tex/generic/pgf/frontendlayer/tikz/libraries/tik
zlibrarycalc.code.tex)
(/usr/share/texlive/texmf-dist/tex/generic/pgf/frontendlayer/tikz/libraries/tik
zlibrarypositioning.code.tex)
(/usr/share/texlive/texmf-dist/tex/generic/pgf/frontendlayer/tikz/libraries/tik
zlibraryshapes.geometric.code.tex
(/usr/share/texlive/texmf-dist/tex/generic/pgf/libraries/shapes/pgflibraryshape
s.geometric.code.tex))
(/usr/share/texlive/texmf-dist/tex/latex/pgf/utilities/pgfcalendar.sty
(/usr/share/texlive/texmf-dist/tex/generic/pgf/utilities/pgfcalendar.code.tex))
) (/usr/share/texlive/texmf-dist/tex/latex/caption/caption.sty
(/usr/share/texlive/texmf-dist/tex/latex/caption/caption3.sty))
(/usr/share/texlive/texmf-dist/tex/latex/booktabs/booktabs.sty)
(/usr/share/texlive/texmf-dist/tex/latex/tools/array.sty)
(/usr/share/texlive/texmf-dist/tex/latex/multirow/multirow.sty)
(/usr/share/texlive/texmf-dist/tex/latex/tools/longtable.sty)
(/usr/share/texlive/texmf-dist/tex/latex/placeins/placeins.sty)
(/usr/share/texlive/texmf-dist/tex/latex/biblatex/biblatex.sty
(/usr/share/texlive/texmf-dist/tex/generic/pdftexcmds/pdftexcmds.sty
(/usr/share/texlive/texmf-dist/tex/generic/infwarerr/infwarerr.sty)
(/usr/share/texlive/texmf-dist/tex/generic/ltxcmds/ltxcmds.sty))
(/usr/share/texlive/texmf-dist/tex/latex/etoolbox/etoolbox.sty)
(/usr/share/texlive/texmf-dist/tex/latex/kvoptions/kvoptions.sty
(/usr/share/texlive/texmf-dist/tex/latex/kvsetkeys/kvsetkeys.sty))
(/usr/share/texlive/texmf-dist/tex/latex/logreq/logreq.sty
(/usr/share/texlive/texmf-dist/tex/latex/logreq/logreq.def))
(/usr/share/texlive/texmf-dist/tex/latex/base/ifthen.sty)
(/usr/share/texlive/texmf-dist/tex/latex/url/url.sty)
(/usr/share/texlive/texmf-dist/tex/latex/biblatex/blx-dm.def)
(/usr/share/texlive/texmf-dist/tex/latex/biblatex/blx-unicode.def)
(/usr/share/texlive/texmf-dist/tex/latex/biblatex/blx-compat.def)
(/usr/share/texlive/texmf-dist/tex/latex/biblatex/biblatex.def)
(/usr/share/texlive/texmf-dist/tex/latex/biblatex-ieee/ieee.bbx
(/usr/share/texlive/texmf-dist/tex/latex/biblatex/bbx/numeric-comp.bbx
(/usr/share/texlive/texmf-dist/tex/latex/biblatex/bbx/numeric.bbx
(/usr/share/texlive/texmf-dist/tex/latex/biblatex/bbx/standard.bbx))))
(/usr/share/texlive/texmf-dist/tex/latex/biblatex-ieee/ieee.cbx
(/usr/share/texlive/texmf-dist/tex/latex/biblatex/cbx/numeric-comp.cbx))
(/usr/share/texlive/texmf-dist/tex/latex/biblatex/biblatex.cfg)
(/usr/share/texlive/texmf-dist/tex/latex/biblatex/blx-case-expl3.sty))
(/usr/share/texlive/texmf-dist/tex/latex/titlesec/titletoc.sty)
(/usr/share/texlive/texmf-dist/tex/latex/psnfss/pifont.sty
(/usr/share/texlive/texmf-dist/tex/latex/psnfss/upzd.fd)
(/usr/share/texlive/texmf-dist/tex/latex/psnfss/upsy.fd))
(/usr/share/texlive/texmf-dist/tex/latex/hyperref/hyperref.sty
(/usr/share/texlive/texmf-dist/tex/generic/kvdefinekeys/kvdefinekeys.sty)
(/usr/share/texlive/texmf-dist/tex/generic/pdfescape/pdfescape.sty)
(/usr/share/texlive/texmf-dist/tex/latex/hycolor/hycolor.sty)
(/usr/share/texlive/texmf-dist/tex/latex/auxhook/auxhook.sty)
(/usr/share/texlive/texmf-dist/tex/latex/hyperref/nameref.sty
(/usr/share/texlive/texmf-dist/tex/latex/refcount/refcount.sty)
(/usr/share/texlive/texmf-dist/tex/generic/gettitlestring/gettitlestring.sty))
(/usr/share/texlive/texmf-dist/tex/latex/hyperref/pd1enc.def)
(/usr/share/texlive/texmf-dist/tex/generic/intcalc/intcalc.sty)
(/usr/share/texlive/texmf-dist/tex/latex/hyperref/puenc.def)
(/usr/share/texlive/texmf-dist/tex/generic/bitset/bitset.sty
(/usr/share/texlive/texmf-dist/tex/generic/bigintcalc/bigintcalc.sty))
(/usr/share/texlive/texmf-dist/tex/latex/base/atbegshi-ltx.sty))
(/usr/share/texlive/texmf-dist/tex/latex/hyperref/hxetex.def
(/usr/share/texlive/texmf-dist/tex/generic/stringenc/stringenc.sty)
(/usr/share/texlive/texmf-dist/tex/latex/rerunfilecheck/rerunfilecheck.sty
(/usr/share/texlive/texmf-dist/tex/latex/base/atveryend-ltx.sty)
(/usr/share/texlive/texmf-dist/tex/generic/uniquecounter/uniquecounter.sty))))
(./main.aux (./frontmatter/cover.aux) (./frontmatter/titlepage.aux)
(./frontmatter/acknowledgment.aux) (./frontmatter/abstract.aux)
(./frontmatter/abbreviations.aux) (./chapters/01_introduction.aux)
(./chapters/02_literature_review.aux) (./chapters/03_methodology.aux)
(./chapters/04_implementation_results.aux) (./chapters/05_societal_issues.aux)
(./chapters/06_complex_engineering.aux) (./chapters/07_conclusions.aux))
*geometry* driver: auto-detecting
*geometry* detected driver: xetex
Package pgfplots notification 'compat/show suggested version=true': you might b
enefit from \pgfplotsset{compat=1.18} (current compat level: 1.17).

(/usr/share/texlive/texmf-dist/tex/latex/caption/ltcaption.sty)
(/usr/share/texlive/texmf-dist/tex/latex/biblatex/lbx/english.lbx) (./main.bbl)
(./main.out) (./main.out) (./frontmatter/cover.tex [1])
(./frontmatter/titlepage.tex [1]) (./frontmatter/acknowledgment.tex [2])
(./frontmatter/abstract.tex) [3] (./main.toc [4] [5] [6]) [7] (./main.lot)
[8] (./main.lof) [9] [10] (./frontmatter/abbreviations.tex) [11]
(./chapters/01_introduction.tex
Chapter I.
[1] [2] [3] [4] (./tikz/fig_gantt.tex) [5] [6]) [7]
(./chapters/02_literature_review.tex
Chapter II.
[8] [9] [10] [11] [12]) [13] [14] (./chapters/03_methodology.tex
Chapter III.
(./tikz/fig_system_overview.tex) [15] [16]
Overfull \hbox (24.67345pt too wide) in alignment at lines 92--98
 [] [] [] [] 

Package longtable Warning: Column widths have changed
(longtable)                in table 3.1 on input line 122.

[17] [18] [19] [20] [21] [22] [23] [24] [25] [26]) [27]
(./chapters/04_implementation_results.tex
Chapter IV.
[28]

Package hyperref Warning: Token not allowed in a PDF string (Unicode):
(hyperref)                removing `math shift' on input line 64.


Package hyperref Warning: Token not allowed in a PDF string (Unicode):
(hyperref)                removing `subscript' on input line 64.


Package hyperref Warning: Token not allowed in a PDF string (Unicode):
(hyperref)                removing `math shift' on input line 64.

[29] [30] (./tikz/fig_size_distribution.tex) [31] [32] [33]
(./tikz/fig_ablation_waterfall.tex) [34] [35] [36]
Underfull \hbox (badness 1383) in paragraph at lines 458--468
\TU/TimesNewRoman(0)/m/n/12 Figure []4.6[] shows the older Mamba+CBAM+P2 checkp
oint used for the exploratory
[37] [38]
Underfull \hbox (badness 1931) in paragraph at lines 557--565
\TU/TimesNewRoman(0)/m/n/12 test-time augmentation (TTA) evaluates transformed 
versions of the full image and
[39] [40] [41] [42] [43] [44] [45] [46]) [47] [48]
(./chapters/05_societal_issues.tex
Chapter V.
[49] [50] [51]) [52] (./chapters/06_complex_engineering.tex
Chapter VI.
[53] [54]) [55] (./chapters/07_conclusions.tex
Chapter VII.
[56] [57]) [58] [59] [60] [61] [62]
Underfull \hbox (badness 10000) in paragraph at lines 200--200
[]\TU/TimesNewRoman(0)/m/n/12 J. Redmon and A. Farhadi, \TU/TimesNewRoman(0)/m/
it/12 YOLOv3: An incremental improvement\TU/TimesNewRoman(0)/m/n/12 ,
[63] [64]
Underfull \hbox (badness 10000) in paragraph at lines 200--200
[]\TU/TimesNewRoman(0)/m/n/12 Civil Aviation Authority of Bangladesh. “Notice r
egarding operation of
[65]
Underfull \hbox (badness 7133) in paragraph at lines 200--200
\TU/TimesNewRoman(0)/m/n/12 petencies, version 4.” (2021), [Online]. Available:
 []$[] [] [] [] []  [] [] [] [] [] []  []

Package longtable Warning: Table widths have changed. Rerun LaTeX.

[66] (./main.aux (./frontmatter/cover.aux) (./frontmatter/titlepage.aux)
(./frontmatter/acknowledgment.aux) (./frontmatter/abstract.aux)
(./frontmatter/abbreviations.aux) (./chapters/01_introduction.aux)
(./chapters/02_literature_review.aux) (./chapters/03_methodology.aux)
(./chapters/04_implementation_results.aux) (./chapters/05_societal_issues.aux)
(./chapters/06_complex_engineering.aux) (./chapters/07_conclusions.aux))

LaTeX Warning: There were undefined references.


Package biblatex Warning: Please rerun LaTeX.

 )
(see the transcript file for additional information)
Output written on main.pdf (78 pages).
Transcript written on main.log.
This is XeTeX, Version 3.141592653-2.6-0.999995 (TeX Live 2023/Debian) (preloaded format=xelatex)
 restricted \write18 enabled.
entering extended mode
(./main.tex
LaTeX2e <2023-11-01> patch level 1
L3 programming layer <2024-01-22>
(/usr/share/texlive/texmf-dist/tex/latex/base/report.cls
Document Class: report 2023/05/17 v1.4n Standard LaTeX document class
(/usr/share/texlive/texmf-dist/tex/latex/base/size12.clo)) (./thesisstyle.sty
(/usr/share/texlive/texmf-dist/tex/latex/geometry/geometry.sty
(/usr/share/texlive/texmf-dist/tex/latex/graphics/keyval.sty)
(/usr/share/texlive/texmf-dist/tex/generic/iftex/ifvtex.sty
(/usr/share/texlive/texmf-dist/tex/generic/iftex/iftex.sty)))
(/usr/share/texlive/texmf-dist/tex/latex/fontspec/fontspec.sty
(/usr/share/texlive/texmf-dist/tex/latex/l3packages/xparse/xparse.sty
(/usr/share/texlive/texmf-dist/tex/latex/l3kernel/expl3.sty
(/usr/share/texlive/texmf-dist/tex/latex/l3backend/l3backend-xetex.def)))
(/usr/share/texlive/texmf-dist/tex/latex/fontspec/fontspec-xetex.sty
(/usr/share/texlive/texmf-dist/tex/latex/base/fontenc.sty)
(/usr/share/texlive/texmf-dist/tex/latex/fontspec/fontspec.cfg)))
(/usr/share/texlive/texmf-dist/tex/latex/amsmath/amsmath.sty
For additional information on amsmath, use the `?' option.
(/usr/share/texlive/texmf-dist/tex/latex/amsmath/amstext.sty
(/usr/share/texlive/texmf-dist/tex/latex/amsmath/amsgen.sty))
(/usr/share/texlive/texmf-dist/tex/latex/amsmath/amsbsy.sty)
(/usr/share/texlive/texmf-dist/tex/latex/amsmath/amsopn.sty))
(/usr/share/texlive/texmf-dist/tex/latex/unicode-math/unicode-math.sty
(/usr/share/texlive/texmf-dist/tex/latex/unicode-math/unicode-math-xetex.sty
(/usr/share/texlive/texmf-dist/tex/latex/l3packages/l3keys2e/l3keys2e.sty)
(/usr/share/texlive/texmf-dist/tex/latex/base/fix-cm.sty
(/usr/share/texlive/texmf-dist/tex/latex/base/ts1enc.def))
(/usr/share/texlive/texmf-dist/tex/latex/unicode-math/unicode-math-table.tex)))
(/usr/share/texlive/texmf-dist/tex/latex/setspace/setspace.sty)
(/usr/share/texlive/texmf-dist/tex/latex/titlesec/titlesec.sty)
(/usr/share/texlive/texmf-dist/tex/latex/graphics/graphicx.sty
(/usr/share/texlive/texmf-dist/tex/latex/graphics/graphics.sty
(/usr/share/texlive/texmf-dist/tex/latex/graphics/trig.sty)
(/usr/share/texlive/texmf-dist/tex/latex/graphics-cfg/graphics.cfg)
(/usr/share/texlive/texmf-dist/tex/latex/graphics-def/xetex.def)))
(/usr/share/texlive/texmf-dist/tex/latex/float/float.sty)
(/usr/share/texlive/texmf-dist/tex/latex/pgf/frontendlayer/tikz.sty
(/usr/share/texlive/texmf-dist/tex/latex/pgf/basiclayer/pgf.sty
(/usr/share/texlive/texmf-dist/tex/latex/pgf/utilities/pgfrcs.sty
(/usr/share/texlive/texmf-dist/tex/generic/pgf/utilities/pgfutil-common.tex)
(/usr/share/texlive/texmf-dist/tex/generic/pgf/utilities/pgfutil-latex.def)
(/usr/share/texlive/texmf-dist/tex/generic/pgf/utilities/pgfrcs.code.tex
(/usr/share/texlive/texmf-dist/tex/generic/pgf/pgf.revision.tex)))
(/usr/share/texlive/texmf-dist/tex/latex/pgf/basiclayer/pgfcore.sty
(/usr/share/texlive/texmf-dist/tex/latex/pgf/systemlayer/pgfsys.sty
(/usr/share/texlive/texmf-dist/tex/generic/pgf/systemlayer/pgfsys.code.tex
(/usr/share/texlive/texmf-dist/tex/generic/pgf/utilities/pgfkeys.code.tex
(/usr/share/texlive/texmf-dist/tex/generic/pgf/utilities/pgfkeyslibraryfiltered
.code.tex)) (/usr/share/texlive/texmf-dist/tex/generic/pgf/systemlayer/pgf.cfg)
(/usr/share/texlive/texmf-dist/tex/generic/pgf/systemlayer/pgfsys-xetex.def
(/usr/share/texlive/texmf-dist/tex/generic/pgf/systemlayer/pgfsys-dvipdfmx.def
(/usr/share/texlive/texmf-dist/tex/generic/pgf/systemlayer/pgfsys-common-pdf.de
f))))
(/usr/share/texlive/texmf-dist/tex/generic/pgf/systemlayer/pgfsyssoftpath.code.
tex)
(/usr/share/texlive/texmf-dist/tex/generic/pgf/systemlayer/pgfsysprotocol.code.
tex)) (/usr/share/texlive/texmf-dist/tex/latex/xcolor/xcolor.sty
(/usr/share/texlive/texmf-dist/tex/latex/graphics-cfg/color.cfg)
(/usr/share/texlive/texmf-dist/tex/latex/graphics/mathcolor.ltx))
(/usr/share/texlive/texmf-dist/tex/generic/pgf/basiclayer/pgfcore.code.tex
(/usr/share/texlive/texmf-dist/tex/generic/pgf/math/pgfmath.code.tex
(/usr/share/texlive/texmf-dist/tex/generic/pgf/math/pgfmathutil.code.tex)
(/usr/share/texlive/texmf-dist/tex/generic/pgf/math/pgfmathparser.code.tex)
(/usr/share/texlive/texmf-dist/tex/generic/pgf/math/pgfmathfunctions.code.tex)
(/usr/share/texlive/texmf-dist/tex/generic/pgf/math/pgfmathfunctions.basic.code
.tex)
(/usr/share/texlive/texmf-dist/tex/generic/pgf/math/pgfmathfunctions.trigonomet
ric.code.tex)
(/usr/share/texlive/texmf-dist/tex/generic/pgf/math/pgfmathfunctions.random.cod
e.tex)
(/usr/share/texlive/texmf-dist/tex/generic/pgf/math/pgfmathfunctions.comparison
.code.tex)
(/usr/share/texlive/texmf-dist/tex/generic/pgf/math/pgfmathfunctions.base.code.
tex)
(/usr/share/texlive/texmf-dist/tex/generic/pgf/math/pgfmathfunctions.round.code
.tex)
(/usr/share/texlive/texmf-dist/tex/generic/pgf/math/pgfmathfunctions.misc.code.
tex)
(/usr/share/texlive/texmf-dist/tex/generic/pgf/math/pgfmathfunctions.integerari
thmetics.code.tex)
(/usr/share/texlive/texmf-dist/tex/generic/pgf/math/pgfmathcalc.code.tex)
(/usr/share/texlive/texmf-dist/tex/generic/pgf/math/pgfmathfloat.code.tex))
(/usr/share/texlive/texmf-dist/tex/generic/pgf/math/pgfint.code.tex)
(/usr/share/texlive/texmf-dist/tex/generic/pgf/basiclayer/pgfcorepoints.code.te
x)
(/usr/share/texlive/texmf-dist/tex/generic/pgf/basiclayer/pgfcorepathconstruct.
code.tex)
(/usr/share/texlive/texmf-dist/tex/generic/pgf/basiclayer/pgfcorepathusage.code
.tex)
(/usr/share/texlive/texmf-dist/tex/generic/pgf/basiclayer/pgfcorescopes.code.te
x)
(/usr/share/texlive/texmf-dist/tex/generic/pgf/basiclayer/pgfcoregraphicstate.c
ode.tex)
(/usr/share/texlive/texmf-dist/tex/generic/pgf/basiclayer/pgfcoretransformation
s.code.tex)
(/usr/share/texlive/texmf-dist/tex/generic/pgf/basiclayer/pgfcorequick.code.tex
)
(/usr/share/texlive/texmf-dist/tex/generic/pgf/basiclayer/pgfcoreobjects.code.t
ex)
(/usr/share/texlive/texmf-dist/tex/generic/pgf/basiclayer/pgfcorepathprocessing
.code.tex)
(/usr/share/texlive/texmf-dist/tex/generic/pgf/basiclayer/pgfcorearrows.code.te
x)
(/usr/share/texlive/texmf-dist/tex/generic/pgf/basiclayer/pgfcoreshade.code.tex
)
(/usr/share/texlive/texmf-dist/tex/generic/pgf/basiclayer/pgfcoreimage.code.tex
)
(/usr/share/texlive/texmf-dist/tex/generic/pgf/basiclayer/pgfcoreexternal.code.
tex)
(/usr/share/texlive/texmf-dist/tex/generic/pgf/basiclayer/pgfcorelayers.code.te
x)
(/usr/share/texlive/texmf-dist/tex/generic/pgf/basiclayer/pgfcoretransparency.c
ode.tex)
(/usr/share/texlive/texmf-dist/tex/generic/pgf/basiclayer/pgfcorepatterns.code.
tex)
(/usr/share/texlive/texmf-dist/tex/generic/pgf/basiclayer/pgfcorerdf.code.tex))
)
(/usr/share/texlive/texmf-dist/tex/generic/pgf/modules/pgfmoduleshapes.code.tex
) (/usr/share/texlive/texmf-dist/tex/generic/pgf/modules/pgfmoduleplot.code.tex
)
(/usr/share/texlive/texmf-dist/tex/latex/pgf/compatibility/pgfcomp-version-0-65
.sty)
(/usr/share/texlive/texmf-dist/tex/latex/pgf/compatibility/pgfcomp-version-1-18
.sty)) (/usr/share/texlive/texmf-dist/tex/latex/pgf/utilities/pgffor.sty
(/usr/share/texlive/texmf-dist/tex/latex/pgf/utilities/pgfkeys.sty
(/usr/share/texlive/texmf-dist/tex/generic/pgf/utilities/pgfkeys.code.tex))
(/usr/share/texlive/texmf-dist/tex/latex/pgf/math/pgfmath.sty
(/usr/share/texlive/texmf-dist/tex/generic/pgf/math/pgfmath.code.tex))
(/usr/share/texlive/texmf-dist/tex/generic/pgf/utilities/pgffor.code.tex))
(/usr/share/texlive/texmf-dist/tex/generic/pgf/frontendlayer/tikz/tikz.code.tex

(/usr/share/texlive/texmf-dist/tex/generic/pgf/libraries/pgflibraryplothandlers
.code.tex)
(/usr/share/texlive/texmf-dist/tex/generic/pgf/modules/pgfmodulematrix.code.tex
)
(/usr/share/texlive/texmf-dist/tex/generic/pgf/frontendlayer/tikz/libraries/tik
zlibrarytopaths.code.tex)))
(/usr/share/texlive/texmf-dist/tex/generic/pgf/frontendlayer/tikz/libraries/tik
zlibrarypatterns.code.tex
(/usr/share/texlive/texmf-dist/tex/generic/pgf/libraries/pgflibrarypatterns.cod
e.tex)) (/usr/share/texlive/texmf-dist/tex/latex/pgfplots/pgfplots.sty
(/usr/share/texlive/texmf-dist/tex/generic/pgfplots/pgfplots.revision.tex)
(/usr/share/texlive/texmf-dist/tex/generic/pgfplots/pgfplots.code.tex
(/usr/share/texlive/texmf-dist/tex/generic/pgfplots/pgfplotscore.code.tex
(/usr/share/texlive/texmf-dist/tex/generic/pgfplots/sys/pgfplotssysgeneric.code
.tex))
(/usr/share/texlive/texmf-dist/tex/generic/pgfplots/libs/pgfplotslibrary.code.t
ex)
(/usr/share/texlive/texmf-dist/tex/generic/pgfplots/oldpgfcompatib/pgfplotsoldp
gfsupp_loader.code.tex
(/usr/share/texlive/texmf-dist/tex/generic/pgf/libraries/pgflibraryfpu.code.tex
)
Package pgfplots: loading complementary utilities for your pgf version...

(/usr/share/texlive/texmf-dist/tex/generic/pgfplots/oldpgfcompatib/pgfplotsoldp
gfsupp_pgfutil-common-lists.tex))
(/usr/share/texlive/texmf-dist/tex/generic/pgfplots/util/pgfplotsutil.code.tex
(/usr/share/texlive/texmf-dist/tex/generic/pgfplots/liststructure/pgfplotslists
tructure.code.tex)
(/usr/share/texlive/texmf-dist/tex/generic/pgfplots/liststructure/pgfplotslists
tructureext.code.tex)
(/usr/share/texlive/texmf-dist/tex/generic/pgfplots/liststructure/pgfplotsarray
.code.tex)
(/usr/share/texlive/texmf-dist/tex/generic/pgfplots/liststructure/pgfplotsmatri
x.code.tex)
(/usr/share/texlive/texmf-dist/tex/generic/pgfplots/numtable/pgfplotstableshare
d.code.tex)
(/usr/share/texlive/texmf-dist/tex/generic/pgfplots/liststructure/pgfplotsdeque
.code.tex)
(/usr/share/texlive/texmf-dist/tex/generic/pgfplots/util/pgfplotsbinary.code.te
x
(/usr/share/texlive/texmf-dist/tex/generic/pgfplots/util/pgfplotsbinary.data.co
de.tex))
(/usr/share/texlive/texmf-dist/tex/generic/pgfplots/util/pgfplotsutil.verb.code
.tex)
(/usr/share/texlive/texmf-dist/tex/generic/pgfplots/libs/pgflibrarypgfplots.sur
fshading.code.tex
(/usr/share/texlive/texmf-dist/tex/generic/pgfplots/sys/pgflibrarypgfplots.surf
shading.pgfsys-xetex.def
(/usr/share/texlive/texmf-dist/tex/generic/pgfplots/sys/pgflibrarypgfplots.surf
shading.pgfsys-dvipdfmx.def))))
(/usr/share/texlive/texmf-dist/tex/generic/pgfplots/util/pgfplotscolormap.code.
tex
(/usr/share/texlive/texmf-dist/tex/generic/pgfplots/util/pgfplotscolor.code.tex
))
(/usr/share/texlive/texmf-dist/tex/generic/pgfplots/pgfplotsstackedplots.code.t
ex)
(/usr/share/texlive/texmf-dist/tex/generic/pgfplots/pgfplotsplothandlers.code.t
ex
(/usr/share/texlive/texmf-dist/tex/generic/pgfplots/pgfplotsmeshplothandler.cod
e.tex
(/usr/share/texlive/texmf-dist/tex/generic/pgfplots/pgfplotsmeshplotimage.code.
tex)))
(/usr/share/texlive/texmf-dist/tex/generic/pgfplots/pgfplots.scaling.code.tex)
(/usr/share/texlive/texmf-dist/tex/generic/pgfplots/pgfplotscoordprocessing.cod
e.tex)
(/usr/share/texlive/texmf-dist/tex/generic/pgfplots/pgfplots.errorbars.code.tex
) (/usr/share/texlive/texmf-dist/tex/generic/pgfplots/pgfplots.markers.code.tex
) (/usr/share/texlive/texmf-dist/tex/generic/pgfplots/pgfplotsticks.code.tex)
(/usr/share/texlive/texmf-dist/tex/generic/pgfplots/pgfplots.paths.code.tex)
(/usr/share/texlive/texmf-dist/tex/generic/pgf/frontendlayer/tikz/libraries/tik
zlibrarydecorations.code.tex
(/usr/share/texlive/texmf-dist/tex/generic/pgf/modules/pgfmoduledecorations.cod
e.tex))
(/usr/share/texlive/texmf-dist/tex/generic/pgf/frontendlayer/tikz/libraries/tik
zlibrarydecorations.pathmorphing.code.tex
(/usr/share/texlive/texmf-dist/tex/generic/pgf/libraries/decorations/pgflibrary
decorations.pathmorphing.code.tex))
(/usr/share/texlive/texmf-dist/tex/generic/pgf/frontendlayer/tikz/libraries/tik
zlibrarydecorations.pathreplacing.code.tex
(/usr/share/texlive/texmf-dist/tex/generic/pgf/libraries/decorations/pgflibrary
decorations.pathreplacing.code.tex))
(/usr/share/texlive/texmf-dist/tex/generic/pgfplots/libs/tikzlibrarypgfplots.co
ntourlua.code.tex))
(/usr/share/texlive/texmf-dist/tex/generic/pgf/frontendlayer/tikz/libraries/tik
zlibraryplotmarks.code.tex
(/usr/share/texlive/texmf-dist/tex/generic/pgf/libraries/pgflibraryplotmarks.co
de.tex))) (/usr/share/texlive/texmf-dist/tex/latex/pgfgantt/pgfgantt.sty
(/usr/share/texlive/texmf-dist/tex/generic/pgf/frontendlayer/tikz/libraries/tik
zlibraryarrows.code.tex
(/usr/share/texlive/texmf-dist/tex/generic/pgf/libraries/pgflibraryarrows.code.
tex))
(/usr/share/texlive/texmf-dist/tex/generic/pgf/frontendlayer/tikz/libraries/tik
zlibrarybackgrounds.code.tex)
(/usr/share/texlive/texmf-dist/tex/generic/pgf/frontendlayer/tikz/libraries/tik
zlibrarycalc.code.tex)
(/usr/share/texlive/texmf-dist/tex/generic/pgf/frontendlayer/tikz/libraries/tik
zlibrarypositioning.code.tex)
(/usr/share/texlive/texmf-dist/tex/generic/pgf/frontendlayer/tikz/libraries/tik
zlibraryshapes.geometric.code.tex
(/usr/share/texlive/texmf-dist/tex/generic/pgf/libraries/shapes/pgflibraryshape
s.geometric.code.tex))
(/usr/share/texlive/texmf-dist/tex/latex/pgf/utilities/pgfcalendar.sty
(/usr/share/texlive/texmf-dist/tex/generic/pgf/utilities/pgfcalendar.code.tex))
) (/usr/share/texlive/texmf-dist/tex/latex/caption/caption.sty
(/usr/share/texlive/texmf-dist/tex/latex/caption/caption3.sty))
(/usr/share/texlive/texmf-dist/tex/latex/booktabs/booktabs.sty)
(/usr/share/texlive/texmf-dist/tex/latex/tools/array.sty)
(/usr/share/texlive/texmf-dist/tex/latex/multirow/multirow.sty)
(/usr/share/texlive/texmf-dist/tex/latex/tools/longtable.sty)
(/usr/share/texlive/texmf-dist/tex/latex/placeins/placeins.sty)
(/usr/share/texlive/texmf-dist/tex/latex/biblatex/biblatex.sty
(/usr/share/texlive/texmf-dist/tex/generic/pdftexcmds/pdftexcmds.sty
(/usr/share/texlive/texmf-dist/tex/generic/infwarerr/infwarerr.sty)
(/usr/share/texlive/texmf-dist/tex/generic/ltxcmds/ltxcmds.sty))
(/usr/share/texlive/texmf-dist/tex/latex/etoolbox/etoolbox.sty)
(/usr/share/texlive/texmf-dist/tex/latex/kvoptions/kvoptions.sty
(/usr/share/texlive/texmf-dist/tex/latex/kvsetkeys/kvsetkeys.sty))
(/usr/share/texlive/texmf-dist/tex/latex/logreq/logreq.sty
(/usr/share/texlive/texmf-dist/tex/latex/logreq/logreq.def))
(/usr/share/texlive/texmf-dist/tex/latex/base/ifthen.sty)
(/usr/share/texlive/texmf-dist/tex/latex/url/url.sty)
(/usr/share/texlive/texmf-dist/tex/latex/biblatex/blx-dm.def)
(/usr/share/texlive/texmf-dist/tex/latex/biblatex/blx-unicode.def)
(/usr/share/texlive/texmf-dist/tex/latex/biblatex/blx-compat.def)
(/usr/share/texlive/texmf-dist/tex/latex/biblatex/biblatex.def)
(/usr/share/texlive/texmf-dist/tex/latex/biblatex-ieee/ieee.bbx
(/usr/share/texlive/texmf-dist/tex/latex/biblatex/bbx/numeric-comp.bbx
(/usr/share/texlive/texmf-dist/tex/latex/biblatex/bbx/numeric.bbx
(/usr/share/texlive/texmf-dist/tex/latex/biblatex/bbx/standard.bbx))))
(/usr/share/texlive/texmf-dist/tex/latex/biblatex-ieee/ieee.cbx
(/usr/share/texlive/texmf-dist/tex/latex/biblatex/cbx/numeric-comp.cbx))
(/usr/share/texlive/texmf-dist/tex/latex/biblatex/biblatex.cfg)
(/usr/share/texlive/texmf-dist/tex/latex/biblatex/blx-case-expl3.sty))
(/usr/share/texlive/texmf-dist/tex/latex/titlesec/titletoc.sty)
(/usr/share/texlive/texmf-dist/tex/latex/psnfss/pifont.sty
(/usr/share/texlive/texmf-dist/tex/latex/psnfss/upzd.fd)
(/usr/share/texlive/texmf-dist/tex/latex/psnfss/upsy.fd))
(/usr/share/texlive/texmf-dist/tex/latex/hyperref/hyperref.sty
(/usr/share/texlive/texmf-dist/tex/generic/kvdefinekeys/kvdefinekeys.sty)
(/usr/share/texlive/texmf-dist/tex/generic/pdfescape/pdfescape.sty)
(/usr/share/texlive/texmf-dist/tex/latex/hycolor/hycolor.sty)
(/usr/share/texlive/texmf-dist/tex/latex/auxhook/auxhook.sty)
(/usr/share/texlive/texmf-dist/tex/latex/hyperref/nameref.sty
(/usr/share/texlive/texmf-dist/tex/latex/refcount/refcount.sty)
(/usr/share/texlive/texmf-dist/tex/generic/gettitlestring/gettitlestring.sty))
(/usr/share/texlive/texmf-dist/tex/latex/hyperref/pd1enc.def)
(/usr/share/texlive/texmf-dist/tex/generic/intcalc/intcalc.sty)
(/usr/share/texlive/texmf-dist/tex/latex/hyperref/puenc.def)
(/usr/share/texlive/texmf-dist/tex/generic/bitset/bitset.sty
(/usr/share/texlive/texmf-dist/tex/generic/bigintcalc/bigintcalc.sty))
(/usr/share/texlive/texmf-dist/tex/latex/base/atbegshi-ltx.sty))
(/usr/share/texlive/texmf-dist/tex/latex/hyperref/hxetex.def
(/usr/share/texlive/texmf-dist/tex/generic/stringenc/stringenc.sty)
(/usr/share/texlive/texmf-dist/tex/latex/rerunfilecheck/rerunfilecheck.sty
(/usr/share/texlive/texmf-dist/tex/latex/base/atveryend-ltx.sty)
(/usr/share/texlive/texmf-dist/tex/generic/uniquecounter/uniquecounter.sty))))
(./main.aux (./frontmatter/cover.aux) (./frontmatter/titlepage.aux)
(./frontmatter/acknowledgment.aux) (./frontmatter/abstract.aux)
(./frontmatter/abbreviations.aux) (./chapters/01_introduction.aux)
(./chapters/02_literature_review.aux) (./chapters/03_methodology.aux)
(./chapters/04_implementation_results.aux) (./chapters/05_societal_issues.aux)
(./chapters/06_complex_engineering.aux) (./chapters/07_conclusions.aux))
*geometry* driver: auto-detecting
*geometry* detected driver: xetex
Package pgfplots notification 'compat/show suggested version=true': you might b
enefit from \pgfplotsset{compat=1.18} (current compat level: 1.17).

(/usr/share/texlive/texmf-dist/tex/latex/caption/ltcaption.sty)
(/usr/share/texlive/texmf-dist/tex/latex/biblatex/lbx/english.lbx) (./main.bbl)
(./main.out) (./main.out) (./frontmatter/cover.tex [1])
(./frontmatter/titlepage.tex [1]) (./frontmatter/acknowledgment.tex [2])
(./frontmatter/abstract.tex) [3] (./main.toc [4] [5] [6]) [7] (./main.lot)
[8] (./main.lof) [9] [10] (./frontmatter/abbreviations.tex) [11]
(./chapters/01_introduction.tex
Chapter I.
[1] [2] [3] [4] (./tikz/fig_gantt.tex) [5] [6]) [7]
(./chapters/02_literature_review.tex
Chapter II.
[8] [9] [10] [11] [12]) [13] [14] (./chapters/03_methodology.tex
Chapter III.
(./tikz/fig_system_overview.tex) [15] [16] [17] [18] [19] [20] [21] [22]
[23] [24] [25] [26]) [27] (./chapters/04_implementation_results.tex
Chapter IV.
[28]

Package hyperref Warning: Token not allowed in a PDF string (Unicode):
(hyperref)                removing `math shift' on input line 64.


Package hyperref Warning: Token not allowed in a PDF string (Unicode):
(hyperref)                removing `subscript' on input line 64.


Package hyperref Warning: Token not allowed in a PDF string (Unicode):
(hyperref)                removing `math shift' on input line 64.

[29] [30] (./tikz/fig_size_distribution.tex) [31] [32] [33]
(./tikz/fig_ablation_waterfall.tex) [34] [35] [36]
Underfull \hbox (badness 1383) in paragraph at lines 458--468
\TU/TimesNewRoman(0)/m/n/12 Figure []4.6[] shows the older Mamba+CBAM+P2 checkp
oint used for the exploratory
[37] [38]
Underfull \hbox (badness 1931) in paragraph at lines 557--565
\TU/TimesNewRoman(0)/m/n/12 test-time augmentation (TTA) evaluates transformed 
versions of the full image and
[39] [40] [41] [42] [43] [44] [45] [46]) [47] [48]
(./chapters/05_societal_issues.tex
Chapter V.
[49] [50] [51]) [52] (./chapters/06_complex_engineering.tex
Chapter VI.
[53] [54]) [55] (./chapters/07_conclusions.tex
Chapter VII.
[56] [57]) [58] [59] [60] [61] [62]
Underfull \hbox (badness 10000) in paragraph at lines 200--200
[]\TU/TimesNewRoman(0)/m/n/12 J. Redmon and A. Farhadi, \TU/TimesNewRoman(0)/m/
it/12 YOLOv3: An incremental improvement\TU/TimesNewRoman(0)/m/n/12 ,
[63] [64]
Underfull \hbox (badness 10000) in paragraph at lines 200--200
[]\TU/TimesNewRoman(0)/m/n/12 Civil Aviation Authority of Bangladesh. “Notice r
egarding operation of
[65]
Underfull \hbox (badness 7133) in paragraph at lines 200--200
\TU/TimesNewRoman(0)/m/n/12 petencies, version 4.” (2021), [Online]. Available:
 []$[] [] [] [] []  [] [] [] [] [] []  []
[66] (./main.aux (./frontmatter/cover.aux) (./frontmatter/titlepage.aux)
(./frontmatter/acknowledgment.aux) (./frontmatter/abstract.aux)
(./frontmatter/abbreviations.aux) (./chapters/01_introduction.aux)
(./chapters/02_literature_review.aux) (./chapters/03_methodology.aux)
(./chapters/04_implementation_results.aux) (./chapters/05_societal_issues.aux)
(./chapters/06_complex_engineering.aux) (./chapters/07_conclusions.aux)) )
(see the transcript file for additional information)
Output written on main.pdf (78 pages).
Transcript written on main.log.
Done -> main.pdf
EXIT=0
